Load the parameters from the folder
Found 3 layers in /home/simon/repos/onnxmlir-pim-sparsify/artifacts/e14_obs
Accuracy in validation: 0.9160
Total parameters: 2160
Perturbation distance (sanity check): 4.4919e+00
Starting OBS sparsification loop
step    0 | acc=0.9160 | NZ=  2160 | sparsity=0.0000 | d_m=0.0000e+00
step    1 | acc=0.9160 | NZ=  2159 | sparsity=0.0005 | d_m=0.0000e+00
step    2 | acc=0.9160 | NZ=  2158 | sparsity=0.0009 | d_m=0.0000e+00
step    3 | acc=0.9160 | NZ=  2157 | sparsity=0.0014 | d_m=0.0000e+00
step    4 | acc=0.9160 | NZ=  2156 | sparsity=0.0019 | d_m=0.0000e+00
step    5 | acc=0.9160 | NZ=  2155 | sparsity=0.0023 | d_m=0.0000e+00
step    6 | acc=0.9160 | NZ=  2154 | sparsity=0.0028 | d_m=0.0000e+00
step    7 | acc=0.9160 | NZ=  2153 | sparsity=0.0032 | d_m=0.0000e+00
step    8 | acc=0.9160 | NZ=  2152 | sparsity=0.0037 | d_m=0.0000e+00
step    9 | acc=0.9160 | NZ=  2151 | sparsity=0.0042 | d_m=0.0000e+00
step   10 | acc=0.9160 | NZ=  2150 | sparsity=0.0046 | d_m=0.0000e+00
step   11 | acc=0.9160 | NZ=  2149 | sparsity=0.0051 | d_m=0.0000e+00
step   12 | acc=0.9160 | NZ=  2148 | sparsity=0.0056 | d_m=0.0000e+00
step   13 | acc=0.9160 | NZ=  2147 | sparsity=0.0060 | d_m=0.0000e+00
step   14 | acc=0.9160 | NZ=  2146 | sparsity=0.0065 | d_m=0.0000e+00
step   15 | acc=0.9160 | NZ=  2145 | sparsity=0.0069 | d_m=0.0000e+00
step   16 | acc=0.9160 | NZ=  2144 | sparsity=0.0074 | d_m=0.0000e+00
step   17 | acc=0.9160 | NZ=  2143 | sparsity=0.0079 | d_m=0.0000e+00
step   18 | acc=0.9160 | NZ=  2142 | sparsity=0.0083 | d_m=0.0000e+00
step   19 | acc=0.9160 | NZ=  2141 | sparsity=0.0088 | d_m=0.0000e+00
step   20 | acc=0.9160 | NZ=  2140 | sparsity=0.0093 | d_m=0.0000e+00
step   21 | acc=0.9160 | NZ=  2139 | sparsity=0.0097 | d_m=0.0000e+00
step   22 | acc=0.9160 | NZ=  2138 | sparsity=0.0102 | d_m=0.0000e+00
step   23 | acc=0.9160 | NZ=  2137 | sparsity=0.0106 | d_m=0.0000e+00
step   24 | acc=0.9160 | NZ=  2136 | sparsity=0.0111 | d_m=0.0000e+00
step   25 | acc=0.9160 | NZ=  2135 | sparsity=0.0116 | d_m=0.0000e+00
step   26 | acc=0.9170 | NZ=  2134 | sparsity=0.0120 | d_m=0.0000e+00
step   27 | acc=0.9170 | NZ=  2133 | sparsity=0.0125 | d_m=0.0000e+00
step   28 | acc=0.9170 | NZ=  2132 | sparsity=0.0130 | d_m=0.0000e+00
step   29 | acc=0.9170 | NZ=  2131 | sparsity=0.0134 | d_m=0.0000e+00
step   30 | acc=0.9170 | NZ=  2130 | sparsity=0.0139 | d_m=0.0000e+00
step   31 | acc=0.9170 | NZ=  2129 | sparsity=0.0144 | d_m=0.0000e+00
step   32 | acc=0.9170 | NZ=  2128 | sparsity=0.0148 | d_m=0.0000e+00
step   33 | acc=0.9170 | NZ=  2127 | sparsity=0.0153 | d_m=0.0000e+00
step   34 | acc=0.9170 | NZ=  2126 | sparsity=0.0157 | d_m=0.0000e+00
step   35 | acc=0.9170 | NZ=  2125 | sparsity=0.0162 | d_m=0.0000e+00
step   36 | acc=0.9170 | NZ=  2124 | sparsity=0.0167 | d_m=0.0000e+00
step   37 | acc=0.9170 | NZ=  2123 | sparsity=0.0171 | d_m=0.0000e+00
step   38 | acc=0.9170 | NZ=  2122 | sparsity=0.0176 | d_m=0.0000e+00
step   39 | acc=0.9170 | NZ=  2121 | sparsity=0.0181 | d_m=0.0000e+00
step   40 | acc=0.9170 | NZ=  2120 | sparsity=0.0185 | d_m=0.0000e+00
step   41 | acc=0.9170 | NZ=  2119 | sparsity=0.0190 | d_m=0.0000e+00
step   42 | acc=0.9170 | NZ=  2118 | sparsity=0.0194 | d_m=0.0000e+00
step   43 | acc=0.9170 | NZ=  2117 | sparsity=0.0199 | d_m=0.0000e+00
step   44 | acc=0.9170 | NZ=  2116 | sparsity=0.0204 | d_m=0.0000e+00
step   45 | acc=0.9170 | NZ=  2115 | sparsity=0.0208 | d_m=0.0000e+00
step   46 | acc=0.9170 | NZ=  2114 | sparsity=0.0213 | d_m=0.0000e+00
step   47 | acc=0.9170 | NZ=  2113 | sparsity=0.0218 | d_m=0.0000e+00
step   48 | acc=0.9160 | NZ=  2112 | sparsity=0.0222 | d_m=0.0000e+00
step   49 | acc=0.9160 | NZ=  2111 | sparsity=0.0227 | d_m=0.0000e+00
step   50 | acc=0.9160 | NZ=  2110 | sparsity=0.0231 | d_m=0.0000e+00
step   51 | acc=0.9160 | NZ=  2109 | sparsity=0.0236 | d_m=0.0000e+00
step   52 | acc=0.9160 | NZ=  2108 | sparsity=0.0241 | d_m=0.0000e+00
step   53 | acc=0.9160 | NZ=  2107 | sparsity=0.0245 | d_m=0.0000e+00
step   54 | acc=0.9160 | NZ=  2106 | sparsity=0.0250 | d_m=0.0000e+00
step   55 | acc=0.9160 | NZ=  2105 | sparsity=0.0255 | d_m=0.0000e+00
step   56 | acc=0.9160 | NZ=  2104 | sparsity=0.0259 | d_m=0.0000e+00
step   57 | acc=0.9160 | NZ=  2103 | sparsity=0.0264 | d_m=0.0000e+00
step   58 | acc=0.9160 | NZ=  2102 | sparsity=0.0269 | d_m=0.0000e+00
step   59 | acc=0.9160 | NZ=  2101 | sparsity=0.0273 | d_m=0.0000e+00
step   60 | acc=0.9160 | NZ=  2100 | sparsity=0.0278 | d_m=0.0000e+00
step   61 | acc=0.9160 | NZ=  2099 | sparsity=0.0282 | d_m=0.0000e+00
step   62 | acc=0.9160 | NZ=  2098 | sparsity=0.0287 | d_m=0.0000e+00
step   63 | acc=0.9160 | NZ=  2097 | sparsity=0.0292 | d_m=0.0000e+00
step   64 | acc=0.9160 | NZ=  2096 | sparsity=0.0296 | d_m=0.0000e+00
step   65 | acc=0.9160 | NZ=  2095 | sparsity=0.0301 | d_m=0.0000e+00
step   66 | acc=0.9160 | NZ=  2094 | sparsity=0.0306 | d_m=0.0000e+00
step   67 | acc=0.9170 | NZ=  2093 | sparsity=0.0310 | d_m=0.0000e+00
step   68 | acc=0.9170 | NZ=  2092 | sparsity=0.0315 | d_m=0.0000e+00
step   69 | acc=0.9170 | NZ=  2091 | sparsity=0.0319 | d_m=0.0000e+00
step   70 | acc=0.9170 | NZ=  2090 | sparsity=0.0324 | d_m=0.0000e+00
step   71 | acc=0.9170 | NZ=  2089 | sparsity=0.0329 | d_m=0.0000e+00
step   72 | acc=0.9170 | NZ=  2088 | sparsity=0.0333 | d_m=0.0000e+00
step   73 | acc=0.9170 | NZ=  2087 | sparsity=0.0338 | d_m=0.0000e+00
step   74 | acc=0.9170 | NZ=  2086 | sparsity=0.0343 | d_m=0.0000e+00
step   75 | acc=0.9170 | NZ=  2085 | sparsity=0.0347 | d_m=0.0000e+00
step   76 | acc=0.9170 | NZ=  2084 | sparsity=0.0352 | d_m=0.0000e+00
step   77 | acc=0.9170 | NZ=  2083 | sparsity=0.0356 | d_m=0.0000e+00
step   78 | acc=0.9170 | NZ=  2082 | sparsity=0.0361 | d_m=0.0000e+00
step   79 | acc=0.9170 | NZ=  2081 | sparsity=0.0366 | d_m=0.0000e+00
step   80 | acc=0.9170 | NZ=  2080 | sparsity=0.0370 | d_m=0.0000e+00
step   81 | acc=0.9170 | NZ=  2079 | sparsity=0.0375 | d_m=0.0000e+00
step   82 | acc=0.9170 | NZ=  2078 | sparsity=0.0380 | d_m=0.0000e+00
step   83 | acc=0.9170 | NZ=  2077 | sparsity=0.0384 | d_m=0.0000e+00
step   84 | acc=0.9170 | NZ=  2076 | sparsity=0.0389 | d_m=0.0000e+00
step   85 | acc=0.9170 | NZ=  2075 | sparsity=0.0394 | d_m=0.0000e+00
step   86 | acc=0.9170 | NZ=  2074 | sparsity=0.0398 | d_m=0.0000e+00
step   87 | acc=0.9170 | NZ=  2073 | sparsity=0.0403 | d_m=0.0000e+00
step   88 | acc=0.9170 | NZ=  2072 | sparsity=0.0407 | d_m=0.0000e+00
step   89 | acc=0.9170 | NZ=  2071 | sparsity=0.0412 | d_m=0.0000e+00
step   90 | acc=0.9170 | NZ=  2070 | sparsity=0.0417 | d_m=0.0000e+00
step   91 | acc=0.9170 | NZ=  2069 | sparsity=0.0421 | d_m=0.0000e+00
step   92 | acc=0.9170 | NZ=  2068 | sparsity=0.0426 | d_m=0.0000e+00
step   93 | acc=0.9170 | NZ=  2067 | sparsity=0.0431 | d_m=0.0000e+00
step   94 | acc=0.9170 | NZ=  2066 | sparsity=0.0435 | d_m=0.0000e+00
step   95 | acc=0.9170 | NZ=  2065 | sparsity=0.0440 | d_m=0.0000e+00
step   96 | acc=0.9170 | NZ=  2064 | sparsity=0.0444 | d_m=0.0000e+00
step   97 | acc=0.9170 | NZ=  2063 | sparsity=0.0449 | d_m=0.0000e+00
step   98 | acc=0.9170 | NZ=  2062 | sparsity=0.0454 | d_m=0.0000e+00
step   99 | acc=0.9170 | NZ=  2061 | sparsity=0.0458 | d_m=0.0000e+00
step  100 | acc=0.9170 | NZ=  2060 | sparsity=0.0463 | d_m=0.0000e+00
step  101 | acc=0.9170 | NZ=  2059 | sparsity=0.0468 | d_m=0.0000e+00
step  102 | acc=0.9170 | NZ=  2058 | sparsity=0.0472 | d_m=0.0000e+00
step  103 | acc=0.9170 | NZ=  2057 | sparsity=0.0477 | d_m=0.0000e+00
step  104 | acc=0.9170 | NZ=  2056 | sparsity=0.0481 | d_m=0.0000e+00
step  105 | acc=0.9170 | NZ=  2055 | sparsity=0.0486 | d_m=0.0000e+00
step  106 | acc=0.9170 | NZ=  2054 | sparsity=0.0491 | d_m=0.0000e+00
step  107 | acc=0.9170 | NZ=  2053 | sparsity=0.0495 | d_m=0.0000e+00
step  108 | acc=0.9170 | NZ=  2052 | sparsity=0.0500 | d_m=0.0000e+00
step  109 | acc=0.9170 | NZ=  2051 | sparsity=0.0505 | d_m=0.0000e+00
step  110 | acc=0.9170 | NZ=  2050 | sparsity=0.0509 | d_m=0.0000e+00
step  111 | acc=0.9170 | NZ=  2049 | sparsity=0.0514 | d_m=0.0000e+00
step  112 | acc=0.9170 | NZ=  2048 | sparsity=0.0519 | d_m=0.0000e+00
step  113 | acc=0.9170 | NZ=  2047 | sparsity=0.0523 | d_m=0.0000e+00
step  114 | acc=0.9170 | NZ=  2046 | sparsity=0.0528 | d_m=0.0000e+00
step  115 | acc=0.9170 | NZ=  2045 | sparsity=0.0532 | d_m=0.0000e+00
step  116 | acc=0.9170 | NZ=  2044 | sparsity=0.0537 | d_m=0.0000e+00
step  117 | acc=0.9170 | NZ=  2043 | sparsity=0.0542 | d_m=0.0000e+00
step  118 | acc=0.9170 | NZ=  2042 | sparsity=0.0546 | d_m=0.0000e+00
step  119 | acc=0.9170 | NZ=  2041 | sparsity=0.0551 | d_m=0.0000e+00
step  120 | acc=0.9170 | NZ=  2040 | sparsity=0.0556 | d_m=0.0000e+00
step  121 | acc=0.9170 | NZ=  2039 | sparsity=0.0560 | d_m=0.0000e+00
step  122 | acc=0.9170 | NZ=  2038 | sparsity=0.0565 | d_m=0.0000e+00
step  123 | acc=0.9170 | NZ=  2037 | sparsity=0.0569 | d_m=0.0000e+00
step  124 | acc=0.9170 | NZ=  2036 | sparsity=0.0574 | d_m=0.0000e+00
step  125 | acc=0.9170 | NZ=  2035 | sparsity=0.0579 | d_m=0.0000e+00
step  126 | acc=0.9170 | NZ=  2034 | sparsity=0.0583 | d_m=0.0000e+00
step  127 | acc=0.9170 | NZ=  2033 | sparsity=0.0588 | d_m=0.0000e+00
step  128 | acc=0.9170 | NZ=  2032 | sparsity=0.0593 | d_m=0.0000e+00
step  129 | acc=0.9170 | NZ=  2031 | sparsity=0.0597 | d_m=0.0000e+00
step  130 | acc=0.9170 | NZ=  2030 | sparsity=0.0602 | d_m=0.0000e+00
step  131 | acc=0.9170 | NZ=  2029 | sparsity=0.0606 | d_m=0.0000e+00
step  132 | acc=0.9170 | NZ=  2028 | sparsity=0.0611 | d_m=0.0000e+00
step  133 | acc=0.9170 | NZ=  2027 | sparsity=0.0616 | d_m=0.0000e+00
step  134 | acc=0.9170 | NZ=  2026 | sparsity=0.0620 | d_m=0.0000e+00
step  135 | acc=0.9170 | NZ=  2025 | sparsity=0.0625 | d_m=0.0000e+00
step  136 | acc=0.9170 | NZ=  2024 | sparsity=0.0630 | d_m=0.0000e+00
step  137 | acc=0.9170 | NZ=  2023 | sparsity=0.0634 | d_m=0.0000e+00
step  138 | acc=0.9170 | NZ=  2022 | sparsity=0.0639 | d_m=0.0000e+00
step  139 | acc=0.9170 | NZ=  2021 | sparsity=0.0644 | d_m=6.4280e-04
step  140 | acc=0.9170 | NZ=  2020 | sparsity=0.0648 | d_m=6.4280e-04
step  141 | acc=0.9160 | NZ=  2019 | sparsity=0.0653 | d_m=6.4347e-04
step  142 | acc=0.9160 | NZ=  2018 | sparsity=0.0657 | d_m=6.4386e-04
step  143 | acc=0.9160 | NZ=  2017 | sparsity=0.0662 | d_m=6.5138e-04
step  144 | acc=0.9160 | NZ=  2016 | sparsity=0.0667 | d_m=6.5111e-04
step  145 | acc=0.9160 | NZ=  2015 | sparsity=0.0671 | d_m=9.2137e-04
step  146 | acc=0.9160 | NZ=  2014 | sparsity=0.0676 | d_m=9.2152e-04
step  147 | acc=0.9160 | NZ=  2013 | sparsity=0.0681 | d_m=9.2152e-04
step  148 | acc=0.9160 | NZ=  2012 | sparsity=0.0685 | d_m=9.2122e-04
step  149 | acc=0.9160 | NZ=  2011 | sparsity=0.0690 | d_m=9.2133e-04
step  150 | acc=0.9160 | NZ=  2010 | sparsity=0.0694 | d_m=9.2133e-04
step  151 | acc=0.9160 | NZ=  2009 | sparsity=0.0699 | d_m=1.6763e-03
step  152 | acc=0.9160 | NZ=  2008 | sparsity=0.0704 | d_m=2.0230e-03
step  153 | acc=0.9170 | NZ=  2007 | sparsity=0.0708 | d_m=2.0233e-03
step  154 | acc=0.9170 | NZ=  2006 | sparsity=0.0713 | d_m=2.0233e-03
step  155 | acc=0.9170 | NZ=  2005 | sparsity=0.0718 | d_m=2.5947e-03
step  156 | acc=0.9170 | NZ=  2004 | sparsity=0.0722 | d_m=3.4056e-03
step  157 | acc=0.9170 | NZ=  2003 | sparsity=0.0727 | d_m=3.7958e-03
step  158 | acc=0.9170 | NZ=  2002 | sparsity=0.0731 | d_m=3.8324e-03
step  159 | acc=0.9170 | NZ=  2001 | sparsity=0.0736 | d_m=3.8319e-03
step  160 | acc=0.9160 | NZ=  2000 | sparsity=0.0741 | d_m=4.7206e-03
step  161 | acc=0.9160 | NZ=  1999 | sparsity=0.0745 | d_m=1.0509e-02
step  162 | acc=0.9170 | NZ=  1998 | sparsity=0.0750 | d_m=1.2333e-02
step  163 | acc=0.9170 | NZ=  1997 | sparsity=0.0755 | d_m=1.2333e-02
step  164 | acc=0.9170 | NZ=  1996 | sparsity=0.0759 | d_m=1.2333e-02
step  165 | acc=0.9170 | NZ=  1995 | sparsity=0.0764 | d_m=1.2333e-02
step  166 | acc=0.9170 | NZ=  1994 | sparsity=0.0769 | d_m=1.2333e-02
step  167 | acc=0.9170 | NZ=  1993 | sparsity=0.0773 | d_m=1.2333e-02
step  168 | acc=0.9160 | NZ=  1992 | sparsity=0.0778 | d_m=2.2904e-01
step  169 | acc=0.9160 | NZ=  1991 | sparsity=0.0782 | d_m=2.2904e-01
step  170 | acc=0.9160 | NZ=  1990 | sparsity=0.0787 | d_m=2.2904e-01
step  171 | acc=0.9160 | NZ=  1989 | sparsity=0.0792 | d_m=2.2902e-01
step  172 | acc=0.9160 | NZ=  1988 | sparsity=0.0796 | d_m=2.2917e-01
step  173 | acc=0.9160 | NZ=  1987 | sparsity=0.0801 | d_m=2.2920e-01
step  174 | acc=0.9160 | NZ=  1986 | sparsity=0.0806 | d_m=2.2945e-01
step  175 | acc=0.9160 | NZ=  1985 | sparsity=0.0810 | d_m=2.2945e-01
step  176 | acc=0.9160 | NZ=  1984 | sparsity=0.0815 | d_m=2.2946e-01
step  177 | acc=0.9160 | NZ=  1983 | sparsity=0.0819 | d_m=2.2945e-01
step  178 | acc=0.9160 | NZ=  1982 | sparsity=0.0824 | d_m=2.2949e-01
step  179 | acc=0.9160 | NZ=  1981 | sparsity=0.0829 | d_m=2.2949e-01
step  180 | acc=0.9160 | NZ=  1980 | sparsity=0.0833 | d_m=2.2950e-01
step  181 | acc=0.9160 | NZ=  1979 | sparsity=0.0838 | d_m=2.2951e-01
step  182 | acc=0.9160 | NZ=  1978 | sparsity=0.0843 | d_m=2.2953e-01
step  183 | acc=0.9160 | NZ=  1977 | sparsity=0.0847 | d_m=2.2952e-01
step  184 | acc=0.9160 | NZ=  1976 | sparsity=0.0852 | d_m=2.3057e-01
step  185 | acc=0.9170 | NZ=  1975 | sparsity=0.0856 | d_m=2.3058e-01
step  186 | acc=0.9160 | NZ=  1974 | sparsity=0.0861 | d_m=2.3058e-01
step  187 | acc=0.9160 | NZ=  1973 | sparsity=0.0866 | d_m=2.3068e-01
step  188 | acc=0.9160 | NZ=  1972 | sparsity=0.0870 | d_m=2.3121e-01
step  189 | acc=0.9170 | NZ=  1971 | sparsity=0.0875 | d_m=2.3253e-01
step  190 | acc=0.9170 | NZ=  1970 | sparsity=0.0880 | d_m=2.3274e-01
step  191 | acc=0.9170 | NZ=  1969 | sparsity=0.0884 | d_m=2.3275e-01
step  192 | acc=0.9170 | NZ=  1968 | sparsity=0.0889 | d_m=2.3452e-01
step  193 | acc=0.9170 | NZ=  1967 | sparsity=0.0894 | d_m=2.3453e-01
step  194 | acc=0.9160 | NZ=  1966 | sparsity=0.0898 | d_m=2.3478e-01
step  195 | acc=0.9160 | NZ=  1965 | sparsity=0.0903 | d_m=2.3501e-01
step  196 | acc=0.9170 | NZ=  1964 | sparsity=0.0907 | d_m=2.3519e-01
step  197 | acc=0.9170 | NZ=  1963 | sparsity=0.0912 | d_m=2.3540e-01
step  198 | acc=0.9170 | NZ=  1962 | sparsity=0.0917 | d_m=2.3557e-01
step  199 | acc=0.9170 | NZ=  1961 | sparsity=0.0921 | d_m=2.3604e-01
step  200 | acc=0.9170 | NZ=  1960 | sparsity=0.0926 | d_m=2.3596e-01
step  201 | acc=0.9170 | NZ=  1959 | sparsity=0.0931 | d_m=2.3630e-01
step  202 | acc=0.9170 | NZ=  1958 | sparsity=0.0935 | d_m=2.3642e-01
step  203 | acc=0.9170 | NZ=  1957 | sparsity=0.0940 | d_m=2.3720e-01
step  204 | acc=0.9170 | NZ=  1956 | sparsity=0.0944 | d_m=2.3740e-01
step  205 | acc=0.9170 | NZ=  1955 | sparsity=0.0949 | d_m=2.3834e-01
step  206 | acc=0.9170 | NZ=  1954 | sparsity=0.0954 | d_m=2.3886e-01
step  207 | acc=0.9170 | NZ=  1953 | sparsity=0.0958 | d_m=2.3957e-01
step  208 | acc=0.9170 | NZ=  1952 | sparsity=0.0963 | d_m=2.4000e-01
step  209 | acc=0.9160 | NZ=  1951 | sparsity=0.0968 | d_m=2.4030e-01
step  210 | acc=0.9160 | NZ=  1950 | sparsity=0.0972 | d_m=2.4102e-01
step  211 | acc=0.9170 | NZ=  1949 | sparsity=0.0977 | d_m=2.4112e-01
step  212 | acc=0.9170 | NZ=  1948 | sparsity=0.0981 | d_m=2.4179e-01
step  213 | acc=0.9170 | NZ=  1947 | sparsity=0.0986 | d_m=2.4291e-01
step  214 | acc=0.9170 | NZ=  1946 | sparsity=0.0991 | d_m=2.4368e-01
step  215 | acc=0.9180 | NZ=  1945 | sparsity=0.0995 | d_m=3.1820e-01
step  216 | acc=0.9180 | NZ=  1944 | sparsity=0.1000 | d_m=3.1843e-01
step  217 | acc=0.9180 | NZ=  1943 | sparsity=0.1005 | d_m=3.1892e-01
step  218 | acc=0.9180 | NZ=  1942 | sparsity=0.1009 | d_m=3.1966e-01
step  219 | acc=0.9180 | NZ=  1941 | sparsity=0.1014 | d_m=3.2686e-01
step  220 | acc=0.9180 | NZ=  1940 | sparsity=0.1019 | d_m=3.2887e-01
step  221 | acc=0.9180 | NZ=  1939 | sparsity=0.1023 | d_m=3.2845e-01
step  222 | acc=0.9180 | NZ=  1938 | sparsity=0.1028 | d_m=8.1387e-01
step  223 | acc=0.9180 | NZ=  1937 | sparsity=0.1032 | d_m=8.1537e-01
step  224 | acc=0.9180 | NZ=  1936 | sparsity=0.1037 | d_m=8.7303e-01
step  225 | acc=0.9180 | NZ=  1935 | sparsity=0.1042 | d_m=8.7145e-01
step  226 | acc=0.9180 | NZ=  1934 | sparsity=0.1046 | d_m=8.7163e-01
step  227 | acc=0.9190 | NZ=  1933 | sparsity=0.1051 | d_m=1.3353e+00
step  228 | acc=0.9190 | NZ=  1932 | sparsity=0.1056 | d_m=1.3349e+00
step  229 | acc=0.9180 | NZ=  1931 | sparsity=0.1060 | d_m=1.3382e+00
step  230 | acc=0.9190 | NZ=  1930 | sparsity=0.1065 | d_m=1.3447e+00
step  231 | acc=0.9190 | NZ=  1929 | sparsity=0.1069 | d_m=1.3589e+00
step  232 | acc=0.9190 | NZ=  1928 | sparsity=0.1074 | d_m=1.3561e+00
step  233 | acc=0.9190 | NZ=  1927 | sparsity=0.1079 | d_m=1.3598e+00
step  234 | acc=0.9190 | NZ=  1926 | sparsity=0.1083 | d_m=1.3589e+00
step  235 | acc=0.9190 | NZ=  1925 | sparsity=0.1088 | d_m=1.3588e+00
step  236 | acc=0.9190 | NZ=  1924 | sparsity=0.1093 | d_m=1.3581e+00
step  237 | acc=0.9190 | NZ=  1923 | sparsity=0.1097 | d_m=1.3605e+00
step  238 | acc=0.9190 | NZ=  1922 | sparsity=0.1102 | d_m=1.3617e+00
step  239 | acc=0.9180 | NZ=  1921 | sparsity=0.1106 | d_m=1.3611e+00
step  240 | acc=0.9180 | NZ=  1920 | sparsity=0.1111 | d_m=1.3720e+00
step  241 | acc=0.9190 | NZ=  1919 | sparsity=0.1116 | d_m=1.3566e+00
step  242 | acc=0.9170 | NZ=  1918 | sparsity=0.1120 | d_m=1.3724e+00
step  243 | acc=0.9170 | NZ=  1917 | sparsity=0.1125 | d_m=1.3945e+00
step  244 | acc=0.9170 | NZ=  1916 | sparsity=0.1130 | d_m=1.4059e+00
step  245 | acc=0.9170 | NZ=  1915 | sparsity=0.1134 | d_m=1.4081e+00
step  246 | acc=0.9170 | NZ=  1914 | sparsity=0.1139 | d_m=1.4142e+00
step  247 | acc=0.9170 | NZ=  1913 | sparsity=0.1144 | d_m=1.4173e+00
step  248 | acc=0.9170 | NZ=  1912 | sparsity=0.1148 | d_m=1.4211e+00
step  249 | acc=0.9170 | NZ=  1911 | sparsity=0.1153 | d_m=1.4169e+00
step  250 | acc=0.9170 | NZ=  1910 | sparsity=0.1157 | d_m=1.4328e+00
step  251 | acc=0.9170 | NZ=  1909 | sparsity=0.1162 | d_m=1.4358e+00
step  252 | acc=0.9170 | NZ=  1908 | sparsity=0.1167 | d_m=1.4451e+00
step  253 | acc=0.9170 | NZ=  1907 | sparsity=0.1171 | d_m=1.4532e+00
step  254 | acc=0.9170 | NZ=  1906 | sparsity=0.1176 | d_m=1.4557e+00
step  255 | acc=0.9170 | NZ=  1905 | sparsity=0.1181 | d_m=1.4590e+00
step  256 | acc=0.9180 | NZ=  1904 | sparsity=0.1185 | d_m=1.4615e+00
step  257 | acc=0.9180 | NZ=  1903 | sparsity=0.1190 | d_m=1.4639e+00
step  258 | acc=0.9180 | NZ=  1902 | sparsity=0.1194 | d_m=1.4667e+00
step  259 | acc=0.9180 | NZ=  1901 | sparsity=0.1199 | d_m=1.4727e+00
step  260 | acc=0.9180 | NZ=  1900 | sparsity=0.1204 | d_m=1.4760e+00
step  261 | acc=0.9180 | NZ=  1899 | sparsity=0.1208 | d_m=1.4771e+00
step  262 | acc=0.9180 | NZ=  1898 | sparsity=0.1213 | d_m=1.4962e+00
step  263 | acc=0.9170 | NZ=  1897 | sparsity=0.1218 | d_m=1.5096e+00
step  264 | acc=0.9170 | NZ=  1896 | sparsity=0.1222 | d_m=1.5162e+00
step  265 | acc=0.9180 | NZ=  1895 | sparsity=0.1227 | d_m=1.5213e+00
step  266 | acc=0.9180 | NZ=  1894 | sparsity=0.1231 | d_m=1.5402e+00
step  267 | acc=0.9180 | NZ=  1893 | sparsity=0.1236 | d_m=1.6668e+00
step  268 | acc=0.9180 | NZ=  1892 | sparsity=0.1241 | d_m=1.6752e+00
step  269 | acc=0.9180 | NZ=  1891 | sparsity=0.1245 | d_m=1.6735e+00
step  270 | acc=0.9180 | NZ=  1890 | sparsity=0.1250 | d_m=1.6822e+00
step  271 | acc=0.9180 | NZ=  1889 | sparsity=0.1255 | d_m=1.6904e+00
step  272 | acc=0.9130 | NZ=  1888 | sparsity=0.1259 | d_m=7.2285e+02
step  273 | acc=0.9130 | NZ=  1887 | sparsity=0.1264 | d_m=7.2286e+02
step  274 | acc=0.9130 | NZ=  1886 | sparsity=0.1269 | d_m=7.2288e+02
step  275 | acc=0.9130 | NZ=  1885 | sparsity=0.1273 | d_m=7.2254e+02
step  276 | acc=0.9130 | NZ=  1884 | sparsity=0.1278 | d_m=7.2271e+02
step  277 | acc=0.9130 | NZ=  1883 | sparsity=0.1282 | d_m=7.2156e+02
step  278 | acc=0.9130 | NZ=  1882 | sparsity=0.1287 | d_m=7.2156e+02
step  279 | acc=0.9130 | NZ=  1881 | sparsity=0.1292 | d_m=7.2153e+02
step  280 | acc=0.9130 | NZ=  1880 | sparsity=0.1296 | d_m=7.2151e+02
step  281 | acc=0.9130 | NZ=  1879 | sparsity=0.1301 | d_m=7.2149e+02
step  282 | acc=0.9130 | NZ=  1878 | sparsity=0.1306 | d_m=7.2130e+02
step  283 | acc=0.9130 | NZ=  1877 | sparsity=0.1310 | d_m=7.2128e+02
step  284 | acc=0.9130 | NZ=  1876 | sparsity=0.1315 | d_m=7.2107e+02
step  285 | acc=0.9130 | NZ=  1875 | sparsity=0.1319 | d_m=7.2111e+02
step  286 | acc=0.9130 | NZ=  1874 | sparsity=0.1324 | d_m=7.2119e+02
step  287 | acc=0.9130 | NZ=  1873 | sparsity=0.1329 | d_m=7.2134e+02
step  288 | acc=0.9130 | NZ=  1872 | sparsity=0.1333 | d_m=7.2107e+02
step  289 | acc=0.9130 | NZ=  1871 | sparsity=0.1338 | d_m=7.2108e+02
step  290 | acc=0.9130 | NZ=  1870 | sparsity=0.1343 | d_m=7.2108e+02
step  291 | acc=0.9130 | NZ=  1869 | sparsity=0.1347 | d_m=7.2110e+02
step  292 | acc=0.9130 | NZ=  1868 | sparsity=0.1352 | d_m=7.2108e+02
step  293 | acc=0.9130 | NZ=  1867 | sparsity=0.1356 | d_m=7.2115e+02
step  294 | acc=0.9130 | NZ=  1866 | sparsity=0.1361 | d_m=7.2116e+02
step  295 | acc=0.9130 | NZ=  1865 | sparsity=0.1366 | d_m=7.2059e+02
step  296 | acc=0.9130 | NZ=  1864 | sparsity=0.1370 | d_m=7.2055e+02
step  297 | acc=0.9130 | NZ=  1863 | sparsity=0.1375 | d_m=7.2050e+02
step  298 | acc=0.9130 | NZ=  1862 | sparsity=0.1380 | d_m=7.2042e+02
step  299 | acc=0.9130 | NZ=  1861 | sparsity=0.1384 | d_m=7.2047e+02
step  300 | acc=0.9130 | NZ=  1860 | sparsity=0.1389 | d_m=7.2052e+02
step  301 | acc=0.9140 | NZ=  1859 | sparsity=0.1394 | d_m=7.2078e+02
step  302 | acc=0.9140 | NZ=  1858 | sparsity=0.1398 | d_m=7.2079e+02
step  303 | acc=0.9140 | NZ=  1857 | sparsity=0.1403 | d_m=7.2107e+02
step  304 | acc=0.9130 | NZ=  1856 | sparsity=0.1407 | d_m=7.2049e+02
step  305 | acc=0.9140 | NZ=  1855 | sparsity=0.1412 | d_m=7.2077e+02
step  306 | acc=0.9140 | NZ=  1854 | sparsity=0.1417 | d_m=7.2078e+02
step  307 | acc=0.9140 | NZ=  1853 | sparsity=0.1421 | d_m=7.2080e+02
step  308 | acc=0.9140 | NZ=  1852 | sparsity=0.1426 | d_m=7.2104e+02
step  309 | acc=0.9140 | NZ=  1851 | sparsity=0.1431 | d_m=7.2102e+02
step  310 | acc=0.9140 | NZ=  1850 | sparsity=0.1435 | d_m=7.2108e+02
step  311 | acc=0.9140 | NZ=  1849 | sparsity=0.1440 | d_m=7.2080e+02
step  312 | acc=0.9140 | NZ=  1848 | sparsity=0.1444 | d_m=7.2079e+02
step  313 | acc=0.9140 | NZ=  1847 | sparsity=0.1449 | d_m=7.2141e+02
step  314 | acc=0.9140 | NZ=  1846 | sparsity=0.1454 | d_m=7.2146e+02
step  315 | acc=0.9130 | NZ=  1845 | sparsity=0.1458 | d_m=7.2095e+02
step  316 | acc=0.9140 | NZ=  1844 | sparsity=0.1463 | d_m=7.2282e+02
step  317 | acc=0.9140 | NZ=  1843 | sparsity=0.1468 | d_m=7.2254e+02
step  318 | acc=0.9140 | NZ=  1842 | sparsity=0.1472 | d_m=7.2196e+02
step  319 | acc=0.9140 | NZ=  1841 | sparsity=0.1477 | d_m=7.2286e+02
step  320 | acc=0.9140 | NZ=  1840 | sparsity=0.1481 | d_m=7.2385e+02
step  321 | acc=0.9140 | NZ=  1839 | sparsity=0.1486 | d_m=7.2417e+02
step  322 | acc=0.9140 | NZ=  1838 | sparsity=0.1491 | d_m=7.2456e+02
step  323 | acc=0.9140 | NZ=  1837 | sparsity=0.1495 | d_m=7.2461e+02
step  324 | acc=0.9140 | NZ=  1836 | sparsity=0.1500 | d_m=7.2466e+02
step  325 | acc=0.9140 | NZ=  1835 | sparsity=0.1505 | d_m=7.2473e+02
step  326 | acc=0.9140 | NZ=  1834 | sparsity=0.1509 | d_m=7.2486e+02
step  327 | acc=0.9140 | NZ=  1833 | sparsity=0.1514 | d_m=7.2485e+02
step  328 | acc=0.9140 | NZ=  1832 | sparsity=0.1519 | d_m=7.2490e+02
step  329 | acc=0.9140 | NZ=  1831 | sparsity=0.1523 | d_m=7.2484e+02
step  330 | acc=0.9140 | NZ=  1830 | sparsity=0.1528 | d_m=7.2496e+02
step  331 | acc=0.9140 | NZ=  1829 | sparsity=0.1532 | d_m=7.2491e+02
step  332 | acc=0.9140 | NZ=  1828 | sparsity=0.1537 | d_m=7.2495e+02
step  333 | acc=0.9140 | NZ=  1827 | sparsity=0.1542 | d_m=7.2494e+02
step  334 | acc=0.9140 | NZ=  1826 | sparsity=0.1546 | d_m=7.2496e+02
step  335 | acc=0.9140 | NZ=  1825 | sparsity=0.1551 | d_m=7.2503e+02
step  336 | acc=0.9140 | NZ=  1824 | sparsity=0.1556 | d_m=7.2511e+02
step  337 | acc=0.9140 | NZ=  1823 | sparsity=0.1560 | d_m=7.2524e+02
step  338 | acc=0.9140 | NZ=  1822 | sparsity=0.1565 | d_m=7.2528e+02
step  339 | acc=0.9140 | NZ=  1821 | sparsity=0.1569 | d_m=7.2533e+02
step  340 | acc=0.9140 | NZ=  1820 | sparsity=0.1574 | d_m=7.2535e+02
step  341 | acc=0.9140 | NZ=  1819 | sparsity=0.1579 | d_m=7.2546e+02
step  342 | acc=0.9140 | NZ=  1818 | sparsity=0.1583 | d_m=7.2541e+02
step  343 | acc=0.9140 | NZ=  1817 | sparsity=0.1588 | d_m=7.2504e+02
step  344 | acc=0.9140 | NZ=  1816 | sparsity=0.1593 | d_m=7.2498e+02
step  345 | acc=0.9140 | NZ=  1815 | sparsity=0.1597 | d_m=7.2472e+02
step  346 | acc=0.9140 | NZ=  1814 | sparsity=0.1602 | d_m=7.2475e+02
step  347 | acc=0.9140 | NZ=  1813 | sparsity=0.1606 | d_m=7.2479e+02
step  348 | acc=0.9140 | NZ=  1812 | sparsity=0.1611 | d_m=7.2496e+02
step  349 | acc=0.9140 | NZ=  1811 | sparsity=0.1616 | d_m=7.2495e+02
step  350 | acc=0.9130 | NZ=  1810 | sparsity=0.1620 | d_m=7.2488e+02
step  351 | acc=0.9130 | NZ=  1809 | sparsity=0.1625 | d_m=7.2563e+02
step  352 | acc=0.9130 | NZ=  1808 | sparsity=0.1630 | d_m=7.2583e+02
step  353 | acc=0.9130 | NZ=  1807 | sparsity=0.1634 | d_m=7.2594e+02
step  354 | acc=0.9130 | NZ=  1806 | sparsity=0.1639 | d_m=7.2600e+02
step  355 | acc=0.9130 | NZ=  1805 | sparsity=0.1644 | d_m=7.2574e+02
step  356 | acc=0.9130 | NZ=  1804 | sparsity=0.1648 | d_m=7.2578e+02
step  357 | acc=0.9130 | NZ=  1803 | sparsity=0.1653 | d_m=7.2576e+02
step  358 | acc=0.9140 | NZ=  1802 | sparsity=0.1657 | d_m=7.2628e+02
step  359 | acc=0.9160 | NZ=  1801 | sparsity=0.1662 | d_m=7.2839e+02
step  360 | acc=0.9160 | NZ=  1800 | sparsity=0.1667 | d_m=7.2982e+02
step  361 | acc=0.9150 | NZ=  1799 | sparsity=0.1671 | d_m=7.2970e+02
step  362 | acc=0.9150 | NZ=  1798 | sparsity=0.1676 | d_m=7.2993e+02
step  363 | acc=0.9160 | NZ=  1797 | sparsity=0.1681 | d_m=7.2993e+02
step  364 | acc=0.9160 | NZ=  1796 | sparsity=0.1685 | d_m=7.3013e+02
step  365 | acc=0.9160 | NZ=  1795 | sparsity=0.1690 | d_m=7.3037e+02
step  366 | acc=0.9160 | NZ=  1794 | sparsity=0.1694 | d_m=7.3117e+02
step  367 | acc=0.9160 | NZ=  1793 | sparsity=0.1699 | d_m=7.3094e+02
step  368 | acc=0.9160 | NZ=  1792 | sparsity=0.1704 | d_m=7.3008e+02
step  369 | acc=0.9160 | NZ=  1791 | sparsity=0.1708 | d_m=7.3033e+02
step  370 | acc=0.9160 | NZ=  1790 | sparsity=0.1713 | d_m=7.3027e+02
step  371 | acc=0.9160 | NZ=  1789 | sparsity=0.1718 | d_m=7.3008e+02
step  372 | acc=0.9160 | NZ=  1788 | sparsity=0.1722 | d_m=7.3027e+02
step  373 | acc=0.9160 | NZ=  1787 | sparsity=0.1727 | d_m=7.3006e+02
step  374 | acc=0.9150 | NZ=  1786 | sparsity=0.1731 | d_m=7.2996e+02
step  375 | acc=0.9150 | NZ=  1785 | sparsity=0.1736 | d_m=7.2986e+02
step  376 | acc=0.9150 | NZ=  1784 | sparsity=0.1741 | d_m=7.2963e+02
step  377 | acc=0.9150 | NZ=  1783 | sparsity=0.1745 | d_m=7.2955e+02
step  378 | acc=0.9150 | NZ=  1782 | sparsity=0.1750 | d_m=7.2989e+02
step  379 | acc=0.9150 | NZ=  1781 | sparsity=0.1755 | d_m=7.2959e+02
step  380 | acc=0.9150 | NZ=  1780 | sparsity=0.1759 | d_m=7.2961e+02
step  381 | acc=0.9140 | NZ=  1779 | sparsity=0.1764 | d_m=7.3010e+02
step  382 | acc=0.9140 | NZ=  1778 | sparsity=0.1769 | d_m=7.3028e+02
step  383 | acc=0.9140 | NZ=  1777 | sparsity=0.1773 | d_m=7.3032e+02
step  384 | acc=0.9140 | NZ=  1776 | sparsity=0.1778 | d_m=7.3070e+02
step  385 | acc=0.9140 | NZ=  1775 | sparsity=0.1782 | d_m=7.3095e+02
step  386 | acc=0.9140 | NZ=  1774 | sparsity=0.1787 | d_m=7.3151e+02
step  387 | acc=0.9140 | NZ=  1773 | sparsity=0.1792 | d_m=7.3364e+02
step  388 | acc=0.9140 | NZ=  1772 | sparsity=0.1796 | d_m=7.3570e+02
step  389 | acc=0.9140 | NZ=  1771 | sparsity=0.1801 | d_m=7.4044e+02
step  390 | acc=0.9130 | NZ=  1770 | sparsity=0.1806 | d_m=7.4406e+02
step  391 | acc=0.9130 | NZ=  1769 | sparsity=0.1810 | d_m=7.4259e+02
step  392 | acc=0.9120 | NZ=  1768 | sparsity=0.1815 | d_m=7.4263e+02
step  393 | acc=0.9130 | NZ=  1767 | sparsity=0.1819 | d_m=7.4273e+02
step  394 | acc=0.9130 | NZ=  1766 | sparsity=0.1824 | d_m=7.4244e+02
step  395 | acc=0.9130 | NZ=  1765 | sparsity=0.1829 | d_m=7.4359e+02
step  396 | acc=0.9120 | NZ=  1764 | sparsity=0.1833 | d_m=7.4546e+02
step  397 | acc=0.9120 | NZ=  1763 | sparsity=0.1838 | d_m=7.4546e+02
step  398 | acc=0.9130 | NZ=  1762 | sparsity=0.1843 | d_m=7.4535e+02
step  399 | acc=0.9130 | NZ=  1761 | sparsity=0.1847 | d_m=7.4600e+02
step  400 | acc=0.9130 | NZ=  1760 | sparsity=0.1852 | d_m=7.4603e+02
step  401 | acc=0.9130 | NZ=  1759 | sparsity=0.1856 | d_m=7.4614e+02
step  402 | acc=0.9130 | NZ=  1758 | sparsity=0.1861 | d_m=7.4623e+02
step  403 | acc=0.9130 | NZ=  1757 | sparsity=0.1866 | d_m=7.4632e+02
step  404 | acc=0.9130 | NZ=  1756 | sparsity=0.1870 | d_m=7.4662e+02
step  405 | acc=0.9130 | NZ=  1755 | sparsity=0.1875 | d_m=7.4701e+02
step  406 | acc=0.9130 | NZ=  1754 | sparsity=0.1880 | d_m=7.4752e+02
step  407 | acc=0.9130 | NZ=  1753 | sparsity=0.1884 | d_m=7.4743e+02
step  408 | acc=0.9140 | NZ=  1752 | sparsity=0.1889 | d_m=7.4704e+02
step  409 | acc=0.9150 | NZ=  1751 | sparsity=0.1894 | d_m=7.4730e+02
step  410 | acc=0.9140 | NZ=  1750 | sparsity=0.1898 | d_m=7.4772e+02
step  411 | acc=0.9150 | NZ=  1749 | sparsity=0.1903 | d_m=7.4822e+02
step  412 | acc=0.9150 | NZ=  1748 | sparsity=0.1907 | d_m=7.4902e+02
step  413 | acc=0.9150 | NZ=  1747 | sparsity=0.1912 | d_m=7.4920e+02
step  414 | acc=0.9150 | NZ=  1746 | sparsity=0.1917 | d_m=7.5031e+02
step  415 | acc=0.9150 | NZ=  1745 | sparsity=0.1921 | d_m=7.5095e+02
step  416 | acc=0.9150 | NZ=  1744 | sparsity=0.1926 | d_m=7.5138e+02
step  417 | acc=0.9150 | NZ=  1743 | sparsity=0.1931 | d_m=7.5182e+02
step  418 | acc=0.9150 | NZ=  1742 | sparsity=0.1935 | d_m=7.5199e+02
step  419 | acc=0.9150 | NZ=  1741 | sparsity=0.1940 | d_m=7.5195e+02
step  420 | acc=0.9150 | NZ=  1740 | sparsity=0.1944 | d_m=7.5283e+02
step  421 | acc=0.9150 | NZ=  1739 | sparsity=0.1949 | d_m=7.5263e+02
step  422 | acc=0.9150 | NZ=  1738 | sparsity=0.1954 | d_m=7.5284e+02
step  423 | acc=0.9150 | NZ=  1737 | sparsity=0.1958 | d_m=7.5364e+02
step  424 | acc=0.9150 | NZ=  1736 | sparsity=0.1963 | d_m=7.5384e+02
step  425 | acc=0.9150 | NZ=  1735 | sparsity=0.1968 | d_m=7.5343e+02
step  426 | acc=0.9150 | NZ=  1734 | sparsity=0.1972 | d_m=7.5354e+02
step  427 | acc=0.9150 | NZ=  1733 | sparsity=0.1977 | d_m=7.5497e+02
step  428 | acc=0.9140 | NZ=  1732 | sparsity=0.1981 | d_m=7.5538e+02
step  429 | acc=0.9140 | NZ=  1731 | sparsity=0.1986 | d_m=7.5527e+02
step  430 | acc=0.9140 | NZ=  1730 | sparsity=0.1991 | d_m=7.5520e+02
step  431 | acc=0.9140 | NZ=  1729 | sparsity=0.1995 | d_m=7.5504e+02
step  432 | acc=0.9150 | NZ=  1728 | sparsity=0.2000 | d_m=7.5534e+02
step  433 | acc=0.9150 | NZ=  1727 | sparsity=0.2005 | d_m=7.5605e+02
step  434 | acc=0.9140 | NZ=  1726 | sparsity=0.2009 | d_m=7.5711e+02
step  435 | acc=0.9130 | NZ=  1725 | sparsity=0.2014 | d_m=7.5290e+02
step  436 | acc=0.9130 | NZ=  1724 | sparsity=0.2019 | d_m=7.5705e+02
step  437 | acc=0.9130 | NZ=  1723 | sparsity=0.2023 | d_m=7.5636e+02
step  438 | acc=0.9140 | NZ=  1722 | sparsity=0.2028 | d_m=7.5709e+02
step  439 | acc=0.9140 | NZ=  1721 | sparsity=0.2032 | d_m=7.5798e+02
step  440 | acc=0.9140 | NZ=  1720 | sparsity=0.2037 | d_m=7.6003e+02
step  441 | acc=0.9130 | NZ=  1719 | sparsity=0.2042 | d_m=7.6048e+02
step  442 | acc=0.9130 | NZ=  1718 | sparsity=0.2046 | d_m=7.6117e+02
step  443 | acc=0.9130 | NZ=  1717 | sparsity=0.2051 | d_m=7.6306e+02
step  444 | acc=0.9130 | NZ=  1716 | sparsity=0.2056 | d_m=7.6427e+02
step  445 | acc=0.9130 | NZ=  1715 | sparsity=0.2060 | d_m=7.6558e+02
step  446 | acc=0.9130 | NZ=  1714 | sparsity=0.2065 | d_m=7.6651e+02
step  447 | acc=0.9130 | NZ=  1713 | sparsity=0.2069 | d_m=7.6590e+02
step  448 | acc=0.9130 | NZ=  1712 | sparsity=0.2074 | d_m=7.6604e+02
step  449 | acc=0.9130 | NZ=  1711 | sparsity=0.2079 | d_m=7.6852e+02
step  450 | acc=0.9130 | NZ=  1710 | sparsity=0.2083 | d_m=7.6909e+02
step  451 | acc=0.9130 | NZ=  1709 | sparsity=0.2088 | d_m=7.6790e+02
step  452 | acc=0.9130 | NZ=  1708 | sparsity=0.2093 | d_m=7.6764e+02
step  453 | acc=0.9130 | NZ=  1707 | sparsity=0.2097 | d_m=7.6734e+02
step  454 | acc=0.9130 | NZ=  1706 | sparsity=0.2102 | d_m=7.6735e+02
step  455 | acc=0.9130 | NZ=  1705 | sparsity=0.2106 | d_m=7.6707e+02
step  456 | acc=0.9130 | NZ=  1704 | sparsity=0.2111 | d_m=7.6721e+02
step  457 | acc=0.9130 | NZ=  1703 | sparsity=0.2116 | d_m=7.6733e+02
step  458 | acc=0.9130 | NZ=  1702 | sparsity=0.2120 | d_m=7.6755e+02
step  459 | acc=0.9120 | NZ=  1701 | sparsity=0.2125 | d_m=7.6786e+02
step  460 | acc=0.9120 | NZ=  1700 | sparsity=0.2130 | d_m=7.6734e+02
step  461 | acc=0.9120 | NZ=  1699 | sparsity=0.2134 | d_m=7.6732e+02
step  462 | acc=0.9120 | NZ=  1698 | sparsity=0.2139 | d_m=7.6712e+02
step  463 | acc=0.9130 | NZ=  1697 | sparsity=0.2144 | d_m=7.6864e+02
step  464 | acc=0.9130 | NZ=  1696 | sparsity=0.2148 | d_m=7.6872e+02
step  465 | acc=0.9130 | NZ=  1695 | sparsity=0.2153 | d_m=7.6800e+02
step  466 | acc=0.9130 | NZ=  1694 | sparsity=0.2157 | d_m=7.6739e+02
step  467 | acc=0.9130 | NZ=  1693 | sparsity=0.2162 | d_m=7.6740e+02
step  468 | acc=0.9130 | NZ=  1692 | sparsity=0.2167 | d_m=7.6730e+02
step  469 | acc=0.9130 | NZ=  1691 | sparsity=0.2171 | d_m=7.6871e+02
step  470 | acc=0.9130 | NZ=  1690 | sparsity=0.2176 | d_m=7.6945e+02
step  471 | acc=0.9130 | NZ=  1689 | sparsity=0.2181 | d_m=7.6995e+02
step  472 | acc=0.9120 | NZ=  1688 | sparsity=0.2185 | d_m=7.6982e+02
step  473 | acc=0.9120 | NZ=  1687 | sparsity=0.2190 | d_m=7.6965e+02
step  474 | acc=0.9120 | NZ=  1686 | sparsity=0.2194 | d_m=7.7164e+02
step  475 | acc=0.9130 | NZ=  1685 | sparsity=0.2199 | d_m=7.7376e+02
step  476 | acc=0.9130 | NZ=  1684 | sparsity=0.2204 | d_m=7.7281e+02
step  477 | acc=0.9130 | NZ=  1683 | sparsity=0.2208 | d_m=7.7273e+02
step  478 | acc=0.9120 | NZ=  1682 | sparsity=0.2213 | d_m=7.9306e+02
step  479 | acc=0.9120 | NZ=  1681 | sparsity=0.2218 | d_m=7.9743e+02
step  480 | acc=0.9120 | NZ=  1680 | sparsity=0.2222 | d_m=7.9726e+02
step  481 | acc=0.9120 | NZ=  1679 | sparsity=0.2227 | d_m=7.9694e+02
step  482 | acc=0.9120 | NZ=  1678 | sparsity=0.2231 | d_m=7.9581e+02
step  483 | acc=0.9120 | NZ=  1677 | sparsity=0.2236 | d_m=7.9733e+02
step  484 | acc=0.9120 | NZ=  1676 | sparsity=0.2241 | d_m=8.1859e+02
step  485 | acc=0.9130 | NZ=  1675 | sparsity=0.2245 | d_m=8.2188e+02
step  486 | acc=0.9130 | NZ=  1674 | sparsity=0.2250 | d_m=8.2279e+02
step  487 | acc=0.9130 | NZ=  1673 | sparsity=0.2255 | d_m=8.2365e+02
step  488 | acc=0.9130 | NZ=  1672 | sparsity=0.2259 | d_m=8.2480e+02
step  489 | acc=0.9130 | NZ=  1671 | sparsity=0.2264 | d_m=8.2303e+02
step  490 | acc=0.9140 | NZ=  1670 | sparsity=0.2269 | d_m=8.2507e+02
step  491 | acc=0.9140 | NZ=  1669 | sparsity=0.2273 | d_m=8.2549e+02
step  492 | acc=0.9140 | NZ=  1668 | sparsity=0.2278 | d_m=8.2670e+02
step  493 | acc=0.9140 | NZ=  1667 | sparsity=0.2282 | d_m=8.2838e+02
step  494 | acc=0.9140 | NZ=  1666 | sparsity=0.2287 | d_m=8.2964e+02
step  495 | acc=0.9140 | NZ=  1665 | sparsity=0.2292 | d_m=8.3116e+02
step  496 | acc=0.9140 | NZ=  1664 | sparsity=0.2296 | d_m=8.3004e+02
step  497 | acc=0.9140 | NZ=  1663 | sparsity=0.2301 | d_m=8.3440e+02
step  498 | acc=0.9130 | NZ=  1662 | sparsity=0.2306 | d_m=8.3566e+02
step  499 | acc=0.9130 | NZ=  1661 | sparsity=0.2310 | d_m=8.3537e+02
OBS sparsification log saved to: /home/simon/repos/onnxmlir-pim-sparsify/artifacts/e14_obs/obs_sparsified/obs_sparsification_log.csv
