Load the parameters from the folder
Found 3 layers in /home/simon/repos/onnxmlir-pim-sparsify/artifacts/e13_obd
Accuracy in validation: 0.9160
Total parameters: 2160
Perturbation distance (sanity check): 1.7152e+00
Starting OBD sparsification loop
step    0 | acc=0.9160 | NZ=  2160 | sparsity=0.0000 | d_m=0.0000e+00
step    1 | acc=0.9160 | NZ=  2159 | sparsity=0.0005 | d_m=0.0000e+00
step    2 | acc=0.9160 | NZ=  2158 | sparsity=0.0009 | d_m=0.0000e+00
step    3 | acc=0.9160 | NZ=  2157 | sparsity=0.0014 | d_m=0.0000e+00
step    4 | acc=0.9160 | NZ=  2156 | sparsity=0.0019 | d_m=0.0000e+00
step    5 | acc=0.9160 | NZ=  2155 | sparsity=0.0023 | d_m=0.0000e+00
step    6 | acc=0.9160 | NZ=  2154 | sparsity=0.0028 | d_m=0.0000e+00
step    7 | acc=0.9160 | NZ=  2153 | sparsity=0.0032 | d_m=0.0000e+00
step    8 | acc=0.9160 | NZ=  2152 | sparsity=0.0037 | d_m=0.0000e+00
step    9 | acc=0.9160 | NZ=  2151 | sparsity=0.0042 | d_m=0.0000e+00
step   10 | acc=0.9160 | NZ=  2150 | sparsity=0.0046 | d_m=0.0000e+00
step   11 | acc=0.9160 | NZ=  2149 | sparsity=0.0051 | d_m=0.0000e+00
step   12 | acc=0.9160 | NZ=  2148 | sparsity=0.0056 | d_m=0.0000e+00
step   13 | acc=0.9160 | NZ=  2147 | sparsity=0.0060 | d_m=0.0000e+00
step   14 | acc=0.9160 | NZ=  2146 | sparsity=0.0065 | d_m=0.0000e+00
step   15 | acc=0.9160 | NZ=  2145 | sparsity=0.0069 | d_m=0.0000e+00
step   16 | acc=0.9160 | NZ=  2144 | sparsity=0.0074 | d_m=0.0000e+00
step   17 | acc=0.9160 | NZ=  2143 | sparsity=0.0079 | d_m=1.0202e-05
step   18 | acc=0.9160 | NZ=  2142 | sparsity=0.0083 | d_m=1.0202e-05
step   19 | acc=0.9160 | NZ=  2141 | sparsity=0.0088 | d_m=1.0202e-05
step   20 | acc=0.9160 | NZ=  2140 | sparsity=0.0093 | d_m=1.0202e-05
step   21 | acc=0.9160 | NZ=  2139 | sparsity=0.0097 | d_m=1.0202e-05
step   22 | acc=0.9160 | NZ=  2138 | sparsity=0.0102 | d_m=1.0202e-05
step   23 | acc=0.9160 | NZ=  2137 | sparsity=0.0106 | d_m=1.0202e-05
step   24 | acc=0.9160 | NZ=  2136 | sparsity=0.0111 | d_m=4.4754e-01
step   25 | acc=0.9170 | NZ=  2135 | sparsity=0.0116 | d_m=2.7128e-01
step   26 | acc=0.9170 | NZ=  2134 | sparsity=0.0120 | d_m=1.9881e-01
step   27 | acc=0.9170 | NZ=  2133 | sparsity=0.0125 | d_m=1.6460e-01
step   28 | acc=0.9170 | NZ=  2132 | sparsity=0.0130 | d_m=1.4618e-01
step   29 | acc=0.9170 | NZ=  2131 | sparsity=0.0134 | d_m=1.3462e-01
step   30 | acc=0.9170 | NZ=  2130 | sparsity=0.0139 | d_m=1.2796e-01
step   31 | acc=0.9170 | NZ=  2129 | sparsity=0.0144 | d_m=1.2368e-01
step   32 | acc=0.9170 | NZ=  2128 | sparsity=0.0148 | d_m=1.2071e-01
step   33 | acc=0.9170 | NZ=  2127 | sparsity=0.0153 | d_m=1.1841e-01
step   34 | acc=0.9170 | NZ=  2126 | sparsity=0.0157 | d_m=1.1647e-01
step   35 | acc=0.9170 | NZ=  2125 | sparsity=0.0162 | d_m=1.1478e-01
step   36 | acc=0.9170 | NZ=  2124 | sparsity=0.0167 | d_m=1.1327e-01
step   37 | acc=0.9170 | NZ=  2123 | sparsity=0.0171 | d_m=1.1193e-01
step   38 | acc=0.9170 | NZ=  2122 | sparsity=0.0176 | d_m=1.1061e-01
step   39 | acc=0.9170 | NZ=  2121 | sparsity=0.0181 | d_m=1.0941e-01
step   40 | acc=0.9170 | NZ=  2120 | sparsity=0.0185 | d_m=1.0827e-01
step   41 | acc=0.9170 | NZ=  2119 | sparsity=0.0190 | d_m=1.0715e-01
step   42 | acc=0.9160 | NZ=  2118 | sparsity=0.0194 | d_m=1.0600e-01
step   43 | acc=0.9160 | NZ=  2117 | sparsity=0.0199 | d_m=1.0497e-01
step   44 | acc=0.9160 | NZ=  2116 | sparsity=0.0204 | d_m=1.0399e-01
step   45 | acc=0.9170 | NZ=  2115 | sparsity=0.0208 | d_m=1.0304e-01
step   46 | acc=0.9170 | NZ=  2114 | sparsity=0.0213 | d_m=1.0212e-01
step   47 | acc=0.9170 | NZ=  2113 | sparsity=0.0218 | d_m=1.0121e-01
step   48 | acc=0.9170 | NZ=  2112 | sparsity=0.0222 | d_m=1.0031e-01
step   49 | acc=0.9170 | NZ=  2111 | sparsity=0.0227 | d_m=9.9439e-02
step   50 | acc=0.9170 | NZ=  2110 | sparsity=0.0231 | d_m=9.8595e-02
step   51 | acc=0.9170 | NZ=  2109 | sparsity=0.0236 | d_m=9.7786e-02
step   52 | acc=0.9170 | NZ=  2108 | sparsity=0.0241 | d_m=9.6991e-02
step   53 | acc=0.9170 | NZ=  2107 | sparsity=0.0245 | d_m=9.6204e-02
step   54 | acc=0.9170 | NZ=  2106 | sparsity=0.0250 | d_m=9.5424e-02
step   55 | acc=0.9170 | NZ=  2105 | sparsity=0.0255 | d_m=9.4664e-02
step   56 | acc=0.9170 | NZ=  2104 | sparsity=0.0259 | d_m=9.3940e-02
step   57 | acc=0.9170 | NZ=  2103 | sparsity=0.0264 | d_m=9.3188e-02
step   58 | acc=0.9170 | NZ=  2102 | sparsity=0.0269 | d_m=9.2462e-02
step   59 | acc=0.9170 | NZ=  2101 | sparsity=0.0273 | d_m=9.1791e-02
step   60 | acc=0.9170 | NZ=  2100 | sparsity=0.0278 | d_m=9.1106e-02
step   61 | acc=0.9170 | NZ=  2099 | sparsity=0.0282 | d_m=9.0445e-02
step   62 | acc=0.9170 | NZ=  2098 | sparsity=0.0287 | d_m=8.9814e-02
step   63 | acc=0.9170 | NZ=  2097 | sparsity=0.0292 | d_m=8.9181e-02
step   64 | acc=0.9170 | NZ=  2096 | sparsity=0.0296 | d_m=8.8564e-02
step   65 | acc=0.9170 | NZ=  2095 | sparsity=0.0301 | d_m=8.7964e-02
step   66 | acc=0.9170 | NZ=  2094 | sparsity=0.0306 | d_m=8.7367e-02
step   67 | acc=0.9170 | NZ=  2093 | sparsity=0.0310 | d_m=8.6804e-02
step   68 | acc=0.9170 | NZ=  2092 | sparsity=0.0315 | d_m=8.6237e-02
step   69 | acc=0.9170 | NZ=  2091 | sparsity=0.0319 | d_m=8.5681e-02
step   70 | acc=0.9170 | NZ=  2090 | sparsity=0.0324 | d_m=8.5130e-02
step   71 | acc=0.9170 | NZ=  2089 | sparsity=0.0329 | d_m=8.4572e-02
step   72 | acc=0.9170 | NZ=  2088 | sparsity=0.0333 | d_m=8.4023e-02
step   73 | acc=0.9170 | NZ=  2087 | sparsity=0.0338 | d_m=8.3487e-02
step   74 | acc=0.9170 | NZ=  2086 | sparsity=0.0343 | d_m=8.2966e-02
step   75 | acc=0.9170 | NZ=  2085 | sparsity=0.0347 | d_m=8.2437e-02
step   76 | acc=0.9170 | NZ=  2084 | sparsity=0.0352 | d_m=8.1916e-02
step   77 | acc=0.9170 | NZ=  2083 | sparsity=0.0356 | d_m=8.1418e-02
step   78 | acc=0.9170 | NZ=  2082 | sparsity=0.0361 | d_m=8.0907e-02
step   79 | acc=0.9170 | NZ=  2081 | sparsity=0.0366 | d_m=8.0414e-02
step   80 | acc=0.9170 | NZ=  2080 | sparsity=0.0370 | d_m=7.9910e-02
step   81 | acc=0.9170 | NZ=  2079 | sparsity=0.0375 | d_m=7.9426e-02
step   82 | acc=0.9170 | NZ=  2078 | sparsity=0.0380 | d_m=7.8945e-02
step   83 | acc=0.9170 | NZ=  2077 | sparsity=0.0384 | d_m=7.8474e-02
step   84 | acc=0.9170 | NZ=  2076 | sparsity=0.0389 | d_m=7.7981e-02
step   85 | acc=0.9170 | NZ=  2075 | sparsity=0.0394 | d_m=7.7508e-02
step   86 | acc=0.9170 | NZ=  2074 | sparsity=0.0398 | d_m=7.7042e-02
step   87 | acc=0.9170 | NZ=  2073 | sparsity=0.0403 | d_m=7.6573e-02
step   88 | acc=0.9170 | NZ=  2072 | sparsity=0.0407 | d_m=7.6137e-02
step   89 | acc=0.9170 | NZ=  2071 | sparsity=0.0412 | d_m=7.5698e-02
step   90 | acc=0.9170 | NZ=  2070 | sparsity=0.0417 | d_m=7.5260e-02
step   91 | acc=0.9170 | NZ=  2069 | sparsity=0.0421 | d_m=7.4813e-02
step   92 | acc=0.9170 | NZ=  2068 | sparsity=0.0426 | d_m=7.4364e-02
step   93 | acc=0.9170 | NZ=  2067 | sparsity=0.0431 | d_m=7.3925e-02
step   94 | acc=0.9170 | NZ=  2066 | sparsity=0.0435 | d_m=7.3503e-02
step   95 | acc=0.9170 | NZ=  2065 | sparsity=0.0440 | d_m=7.3063e-02
step   96 | acc=0.9170 | NZ=  2064 | sparsity=0.0444 | d_m=7.2620e-02
step   97 | acc=0.9170 | NZ=  2063 | sparsity=0.0449 | d_m=7.2201e-02
step   98 | acc=0.9170 | NZ=  2062 | sparsity=0.0454 | d_m=7.1788e-02
step   99 | acc=0.9170 | NZ=  2061 | sparsity=0.0458 | d_m=7.1347e-02
step  100 | acc=0.9170 | NZ=  2060 | sparsity=0.0463 | d_m=7.0896e-02
step  101 | acc=0.9170 | NZ=  2059 | sparsity=0.0468 | d_m=7.0480e-02
step  102 | acc=0.9170 | NZ=  2058 | sparsity=0.0472 | d_m=7.0058e-02
step  103 | acc=0.9170 | NZ=  2057 | sparsity=0.0477 | d_m=6.9633e-02
step  104 | acc=0.9170 | NZ=  2056 | sparsity=0.0481 | d_m=6.9228e-02
step  105 | acc=0.9170 | NZ=  2055 | sparsity=0.0486 | d_m=6.8830e-02
step  106 | acc=0.9170 | NZ=  2054 | sparsity=0.0491 | d_m=6.8433e-02
step  107 | acc=0.9170 | NZ=  2053 | sparsity=0.0495 | d_m=6.8037e-02
step  108 | acc=0.9170 | NZ=  2052 | sparsity=0.0500 | d_m=6.7639e-02
step  109 | acc=0.9170 | NZ=  2051 | sparsity=0.0505 | d_m=6.7249e-02
step  110 | acc=0.9170 | NZ=  2050 | sparsity=0.0509 | d_m=6.6870e-02
step  111 | acc=0.9170 | NZ=  2049 | sparsity=0.0514 | d_m=6.6496e-02
step  112 | acc=0.9170 | NZ=  2048 | sparsity=0.0519 | d_m=6.6115e-02
step  113 | acc=0.9170 | NZ=  2047 | sparsity=0.0523 | d_m=6.5750e-02
step  114 | acc=0.9170 | NZ=  2046 | sparsity=0.0528 | d_m=6.5379e-02
step  115 | acc=0.9170 | NZ=  2045 | sparsity=0.0532 | d_m=6.5018e-02
step  116 | acc=0.9170 | NZ=  2044 | sparsity=0.0537 | d_m=6.4654e-02
step  117 | acc=0.9170 | NZ=  2043 | sparsity=0.0542 | d_m=6.4295e-02
step  118 | acc=0.9170 | NZ=  2042 | sparsity=0.0546 | d_m=6.3949e-02
step  119 | acc=0.9170 | NZ=  2041 | sparsity=0.0551 | d_m=6.3604e-02
step  120 | acc=0.9170 | NZ=  2040 | sparsity=0.0556 | d_m=6.3258e-02
step  121 | acc=0.9170 | NZ=  2039 | sparsity=0.0560 | d_m=6.2913e-02
step  122 | acc=0.9170 | NZ=  2038 | sparsity=0.0565 | d_m=6.2563e-02
step  123 | acc=0.9170 | NZ=  2037 | sparsity=0.0569 | d_m=6.2208e-02
step  124 | acc=0.9170 | NZ=  2036 | sparsity=0.0574 | d_m=6.1856e-02
step  125 | acc=0.9170 | NZ=  2035 | sparsity=0.0579 | d_m=6.1515e-02
step  126 | acc=0.9170 | NZ=  2034 | sparsity=0.0583 | d_m=6.1176e-02
step  127 | acc=0.9170 | NZ=  2033 | sparsity=0.0588 | d_m=6.0834e-02
step  128 | acc=0.9170 | NZ=  2032 | sparsity=0.0593 | d_m=6.0497e-02
step  129 | acc=0.9170 | NZ=  2031 | sparsity=0.0597 | d_m=6.0167e-02
step  130 | acc=0.9170 | NZ=  2030 | sparsity=0.0602 | d_m=5.9854e-02
step  131 | acc=0.9170 | NZ=  2029 | sparsity=0.0606 | d_m=5.9521e-02
step  132 | acc=0.9170 | NZ=  2028 | sparsity=0.0611 | d_m=5.9204e-02
step  133 | acc=0.9170 | NZ=  2027 | sparsity=0.0616 | d_m=5.8887e-02
step  134 | acc=0.9170 | NZ=  2026 | sparsity=0.0620 | d_m=5.8564e-02
step  135 | acc=0.9170 | NZ=  2025 | sparsity=0.0625 | d_m=5.8237e-02
step  136 | acc=0.9170 | NZ=  2024 | sparsity=0.0630 | d_m=5.7930e-02
step  137 | acc=0.9170 | NZ=  2023 | sparsity=0.0634 | d_m=5.7608e-02
step  138 | acc=0.9170 | NZ=  2022 | sparsity=0.0639 | d_m=5.7299e-02
step  139 | acc=0.9170 | NZ=  2021 | sparsity=0.0644 | d_m=5.6985e-02
step  140 | acc=0.9170 | NZ=  2020 | sparsity=0.0648 | d_m=5.6685e-02
step  141 | acc=0.9170 | NZ=  2019 | sparsity=0.0653 | d_m=5.6384e-02
step  142 | acc=0.9170 | NZ=  2018 | sparsity=0.0657 | d_m=5.6078e-02
step  143 | acc=0.9170 | NZ=  2017 | sparsity=0.0662 | d_m=5.5779e-02
step  144 | acc=0.9170 | NZ=  2016 | sparsity=0.0667 | d_m=5.5477e-02
step  145 | acc=0.9170 | NZ=  2015 | sparsity=0.0671 | d_m=5.5183e-02
step  146 | acc=0.9170 | NZ=  2014 | sparsity=0.0676 | d_m=5.4886e-02
step  147 | acc=0.9170 | NZ=  2013 | sparsity=0.0681 | d_m=5.4605e-02
step  148 | acc=0.9170 | NZ=  2012 | sparsity=0.0685 | d_m=5.4316e-02
step  149 | acc=0.9170 | NZ=  2011 | sparsity=0.0690 | d_m=5.4042e-02
step  150 | acc=0.9170 | NZ=  2010 | sparsity=0.0694 | d_m=5.3763e-02
step  151 | acc=0.9170 | NZ=  2009 | sparsity=0.0699 | d_m=5.3488e-02
step  152 | acc=0.9170 | NZ=  2008 | sparsity=0.0704 | d_m=5.3221e-02
step  153 | acc=0.9170 | NZ=  2007 | sparsity=0.0708 | d_m=5.2965e-02
step  154 | acc=0.9170 | NZ=  2006 | sparsity=0.0713 | d_m=5.2699e-02
step  155 | acc=0.9170 | NZ=  2005 | sparsity=0.0718 | d_m=5.2446e-02
step  156 | acc=0.9170 | NZ=  2004 | sparsity=0.0722 | d_m=5.2187e-02
step  157 | acc=0.9170 | NZ=  2003 | sparsity=0.0727 | d_m=5.1936e-02
step  158 | acc=0.9170 | NZ=  2002 | sparsity=0.0731 | d_m=5.1677e-02
step  159 | acc=0.9170 | NZ=  2001 | sparsity=0.0736 | d_m=5.1433e-02
step  160 | acc=0.9170 | NZ=  2000 | sparsity=0.0741 | d_m=5.1197e-02
step  161 | acc=0.9170 | NZ=  1999 | sparsity=0.0745 | d_m=5.0949e-02
step  162 | acc=0.9170 | NZ=  1998 | sparsity=0.0750 | d_m=5.0695e-02
step  163 | acc=0.9170 | NZ=  1997 | sparsity=0.0755 | d_m=5.0454e-02
step  164 | acc=0.9170 | NZ=  1996 | sparsity=0.0759 | d_m=5.0217e-02
step  165 | acc=0.9170 | NZ=  1995 | sparsity=0.0764 | d_m=4.9985e-02
step  166 | acc=0.9170 | NZ=  1994 | sparsity=0.0769 | d_m=4.9759e-02
step  167 | acc=0.9170 | NZ=  1993 | sparsity=0.0773 | d_m=4.9523e-02
step  168 | acc=0.9170 | NZ=  1992 | sparsity=0.0778 | d_m=4.9282e-02
step  169 | acc=0.9170 | NZ=  1991 | sparsity=0.0782 | d_m=4.9047e-02
step  170 | acc=0.9170 | NZ=  1990 | sparsity=0.0787 | d_m=4.8810e-02
step  171 | acc=0.9170 | NZ=  1989 | sparsity=0.0792 | d_m=4.8578e-02
step  172 | acc=0.9170 | NZ=  1988 | sparsity=0.0796 | d_m=4.8356e-02
step  173 | acc=0.9170 | NZ=  1987 | sparsity=0.0801 | d_m=4.8125e-02
step  174 | acc=0.9170 | NZ=  1986 | sparsity=0.0806 | d_m=4.7904e-02
step  175 | acc=0.9170 | NZ=  1985 | sparsity=0.0810 | d_m=4.7685e-02
step  176 | acc=0.9170 | NZ=  1984 | sparsity=0.0815 | d_m=4.7468e-02
step  177 | acc=0.9170 | NZ=  1983 | sparsity=0.0819 | d_m=4.7251e-02
step  178 | acc=0.9170 | NZ=  1982 | sparsity=0.0824 | d_m=4.7033e-02
step  179 | acc=0.9170 | NZ=  1981 | sparsity=0.0829 | d_m=4.6816e-02
step  180 | acc=0.9170 | NZ=  1980 | sparsity=0.0833 | d_m=4.6597e-02
step  181 | acc=0.9170 | NZ=  1979 | sparsity=0.0838 | d_m=4.6393e-02
step  182 | acc=0.9170 | NZ=  1978 | sparsity=0.0843 | d_m=4.6194e-02
step  183 | acc=0.9170 | NZ=  1977 | sparsity=0.0847 | d_m=4.5986e-02
step  184 | acc=0.9170 | NZ=  1976 | sparsity=0.0852 | d_m=4.5786e-02
step  185 | acc=0.9170 | NZ=  1975 | sparsity=0.0856 | d_m=4.5589e-02
step  186 | acc=0.9170 | NZ=  1974 | sparsity=0.0861 | d_m=4.5396e-02
step  187 | acc=0.9170 | NZ=  1973 | sparsity=0.0866 | d_m=4.5200e-02
step  188 | acc=0.9170 | NZ=  1972 | sparsity=0.0870 | d_m=4.5012e-02
step  189 | acc=0.9170 | NZ=  1971 | sparsity=0.0875 | d_m=4.4824e-02
step  190 | acc=0.9170 | NZ=  1970 | sparsity=0.0880 | d_m=4.4636e-02
step  191 | acc=0.9170 | NZ=  1969 | sparsity=0.0884 | d_m=4.4441e-02
step  192 | acc=0.9170 | NZ=  1968 | sparsity=0.0889 | d_m=4.4257e-02
step  193 | acc=0.9170 | NZ=  1967 | sparsity=0.0894 | d_m=4.4070e-02
step  194 | acc=0.9170 | NZ=  1966 | sparsity=0.0898 | d_m=4.3886e-02
step  195 | acc=0.9170 | NZ=  1965 | sparsity=0.0903 | d_m=4.3700e-02
step  196 | acc=0.9170 | NZ=  1964 | sparsity=0.0907 | d_m=4.3515e-02
step  197 | acc=0.9170 | NZ=  1963 | sparsity=0.0912 | d_m=4.3338e-02
step  198 | acc=0.9170 | NZ=  1962 | sparsity=0.0917 | d_m=4.3162e-02
step  199 | acc=0.9170 | NZ=  1961 | sparsity=0.0921 | d_m=4.2990e-02
step  200 | acc=0.9170 | NZ=  1960 | sparsity=0.0926 | d_m=4.2812e-02
step  201 | acc=0.9170 | NZ=  1959 | sparsity=0.0931 | d_m=4.2650e-02
step  202 | acc=0.9170 | NZ=  1958 | sparsity=0.0935 | d_m=4.2475e-02
step  203 | acc=0.9170 | NZ=  1957 | sparsity=0.0940 | d_m=4.2302e-02
step  204 | acc=0.9170 | NZ=  1956 | sparsity=0.0944 | d_m=4.2128e-02
step  205 | acc=0.9170 | NZ=  1955 | sparsity=0.0949 | d_m=4.1960e-02
step  206 | acc=0.9170 | NZ=  1954 | sparsity=0.0954 | d_m=4.1793e-02
step  207 | acc=0.9170 | NZ=  1953 | sparsity=0.0958 | d_m=4.1628e-02
step  208 | acc=0.9170 | NZ=  1952 | sparsity=0.0963 | d_m=4.1454e-02
step  209 | acc=0.9170 | NZ=  1951 | sparsity=0.0968 | d_m=4.1289e-02
step  210 | acc=0.9170 | NZ=  1950 | sparsity=0.0972 | d_m=4.1116e-02
step  211 | acc=0.9170 | NZ=  1949 | sparsity=0.0977 | d_m=4.0958e-02
step  212 | acc=0.9170 | NZ=  1948 | sparsity=0.0981 | d_m=4.0800e-02
step  213 | acc=0.9170 | NZ=  1947 | sparsity=0.0986 | d_m=4.2042e-02
step  214 | acc=0.9170 | NZ=  1946 | sparsity=0.0991 | d_m=4.2958e-02
step  215 | acc=0.9170 | NZ=  1945 | sparsity=0.0995 | d_m=4.3250e-02
step  216 | acc=0.9170 | NZ=  1944 | sparsity=0.1000 | d_m=4.3954e-02
step  217 | acc=0.9170 | NZ=  1943 | sparsity=0.1005 | d_m=4.6021e-02
step  218 | acc=0.9170 | NZ=  1942 | sparsity=0.1009 | d_m=4.8227e-02
step  219 | acc=0.9170 | NZ=  1941 | sparsity=0.1014 | d_m=4.8624e-02
step  220 | acc=0.9170 | NZ=  1940 | sparsity=0.1019 | d_m=5.1688e-02
step  221 | acc=0.9170 | NZ=  1939 | sparsity=0.1023 | d_m=5.6032e-02
step  222 | acc=0.9170 | NZ=  1938 | sparsity=0.1028 | d_m=5.1060e-02
step  223 | acc=0.9170 | NZ=  1937 | sparsity=0.1032 | d_m=5.6269e-02
step  224 | acc=0.9170 | NZ=  1936 | sparsity=0.1037 | d_m=5.9664e-02
step  225 | acc=0.9170 | NZ=  1935 | sparsity=0.1042 | d_m=6.6715e-02
step  226 | acc=0.9170 | NZ=  1934 | sparsity=0.1046 | d_m=7.5605e-02
step  227 | acc=0.9170 | NZ=  1933 | sparsity=0.1051 | d_m=9.6072e-02
step  228 | acc=0.9170 | NZ=  1932 | sparsity=0.1056 | d_m=1.0389e-01
step  229 | acc=0.9180 | NZ=  1931 | sparsity=0.1060 | d_m=1.3052e-01
step  230 | acc=0.9170 | NZ=  1930 | sparsity=0.1065 | d_m=1.5007e-01
step  231 | acc=0.9170 | NZ=  1929 | sparsity=0.1069 | d_m=1.5749e-01
step  232 | acc=0.9180 | NZ=  1928 | sparsity=0.1074 | d_m=1.7866e-01
step  233 | acc=0.9180 | NZ=  1927 | sparsity=0.1079 | d_m=1.9633e-01
step  234 | acc=0.9180 | NZ=  1926 | sparsity=0.1083 | d_m=2.2156e-01
step  235 | acc=0.9180 | NZ=  1925 | sparsity=0.1088 | d_m=2.3720e-01
step  236 | acc=0.9180 | NZ=  1924 | sparsity=0.1093 | d_m=2.6531e-01
step  237 | acc=0.9180 | NZ=  1923 | sparsity=0.1097 | d_m=2.5502e-01
step  238 | acc=0.9180 | NZ=  1922 | sparsity=0.1102 | d_m=2.8606e-01
step  239 | acc=0.9180 | NZ=  1921 | sparsity=0.1106 | d_m=2.8902e-01
step  240 | acc=0.9180 | NZ=  1920 | sparsity=0.1111 | d_m=3.4434e-01
step  241 | acc=0.9180 | NZ=  1919 | sparsity=0.1116 | d_m=3.7239e-01
step  242 | acc=0.9180 | NZ=  1918 | sparsity=0.1120 | d_m=4.0739e-01
step  243 | acc=0.9180 | NZ=  1917 | sparsity=0.1125 | d_m=4.4041e-01
step  244 | acc=0.9180 | NZ=  1916 | sparsity=0.1130 | d_m=5.1020e-01
step  245 | acc=0.9170 | NZ=  1915 | sparsity=0.1134 | d_m=5.6244e-01
step  246 | acc=0.9170 | NZ=  1914 | sparsity=0.1139 | d_m=4.5986e-01
step  247 | acc=0.9170 | NZ=  1913 | sparsity=0.1144 | d_m=3.8159e-01
step  248 | acc=0.9170 | NZ=  1912 | sparsity=0.1148 | d_m=3.2612e-01
step  249 | acc=0.9170 | NZ=  1911 | sparsity=0.1153 | d_m=2.8851e-01
step  250 | acc=0.9170 | NZ=  1910 | sparsity=0.1157 | d_m=3.2981e-01
step  251 | acc=0.9170 | NZ=  1909 | sparsity=0.1162 | d_m=4.6395e-01
step  252 | acc=0.9170 | NZ=  1908 | sparsity=0.1167 | d_m=5.3825e-01
step  253 | acc=0.9170 | NZ=  1907 | sparsity=0.1171 | d_m=6.1075e-01
step  254 | acc=0.9170 | NZ=  1906 | sparsity=0.1176 | d_m=7.2339e-01
step  255 | acc=0.9170 | NZ=  1905 | sparsity=0.1181 | d_m=7.9125e-01
step  256 | acc=0.9170 | NZ=  1904 | sparsity=0.1185 | d_m=8.4925e-01
step  257 | acc=0.9170 | NZ=  1903 | sparsity=0.1190 | d_m=9.0625e-01
step  258 | acc=0.9170 | NZ=  1902 | sparsity=0.1194 | d_m=9.9764e-01
step  259 | acc=0.9170 | NZ=  1901 | sparsity=0.1199 | d_m=1.0558e+00
step  260 | acc=0.9170 | NZ=  1900 | sparsity=0.1204 | d_m=1.1321e+00
step  261 | acc=0.9170 | NZ=  1899 | sparsity=0.1208 | d_m=1.1926e+00
step  262 | acc=0.9170 | NZ=  1898 | sparsity=0.1213 | d_m=1.2827e+00
step  263 | acc=0.9170 | NZ=  1897 | sparsity=0.1218 | d_m=1.3434e+00
step  264 | acc=0.9170 | NZ=  1896 | sparsity=0.1222 | d_m=1.3145e+00
step  265 | acc=0.9170 | NZ=  1895 | sparsity=0.1227 | d_m=1.4027e+00
step  266 | acc=0.9170 | NZ=  1894 | sparsity=0.1231 | d_m=1.4855e+00
step  267 | acc=0.9170 | NZ=  1893 | sparsity=0.1236 | d_m=1.5864e+00
step  268 | acc=0.9170 | NZ=  1892 | sparsity=0.1241 | d_m=1.7032e+00
step  269 | acc=0.9170 | NZ=  1891 | sparsity=0.1245 | d_m=1.7738e+00
step  270 | acc=0.9170 | NZ=  1890 | sparsity=0.1250 | d_m=1.8272e+00
step  271 | acc=0.9170 | NZ=  1889 | sparsity=0.1255 | d_m=1.9202e+00
step  272 | acc=0.9170 | NZ=  1888 | sparsity=0.1259 | d_m=2.1523e+00
step  273 | acc=0.9170 | NZ=  1887 | sparsity=0.1264 | d_m=2.2805e+00
step  274 | acc=0.9170 | NZ=  1886 | sparsity=0.1269 | d_m=2.5003e+00
step  275 | acc=0.9170 | NZ=  1885 | sparsity=0.1273 | d_m=2.8239e+00
step  276 | acc=0.9180 | NZ=  1884 | sparsity=0.1278 | d_m=3.1457e+00
step  277 | acc=0.9170 | NZ=  1883 | sparsity=0.1282 | d_m=3.2651e+00
step  278 | acc=0.9170 | NZ=  1882 | sparsity=0.1287 | d_m=3.4643e+00
step  279 | acc=0.9170 | NZ=  1881 | sparsity=0.1292 | d_m=3.4022e+00
step  280 | acc=0.9170 | NZ=  1880 | sparsity=0.1296 | d_m=3.5407e+00
step  281 | acc=0.9170 | NZ=  1879 | sparsity=0.1301 | d_m=3.6565e+00
step  282 | acc=0.9170 | NZ=  1878 | sparsity=0.1306 | d_m=3.5807e+00
step  283 | acc=0.9170 | NZ=  1877 | sparsity=0.1310 | d_m=3.4769e+00
step  284 | acc=0.9170 | NZ=  1876 | sparsity=0.1315 | d_m=3.6271e+00
step  285 | acc=0.9170 | NZ=  1875 | sparsity=0.1319 | d_m=3.8263e+00
step  286 | acc=0.9170 | NZ=  1874 | sparsity=0.1324 | d_m=4.0091e+00
step  287 | acc=0.9170 | NZ=  1873 | sparsity=0.1329 | d_m=4.1147e+00
step  288 | acc=0.9170 | NZ=  1872 | sparsity=0.1333 | d_m=4.4027e+00
step  289 | acc=0.9170 | NZ=  1871 | sparsity=0.1338 | d_m=4.6604e+00
step  290 | acc=0.9170 | NZ=  1870 | sparsity=0.1343 | d_m=4.9446e+00
step  291 | acc=0.9180 | NZ=  1869 | sparsity=0.1347 | d_m=5.0084e+00
step  292 | acc=0.9170 | NZ=  1868 | sparsity=0.1352 | d_m=5.0254e+00
step  293 | acc=0.9170 | NZ=  1867 | sparsity=0.1356 | d_m=5.2625e+00
step  294 | acc=0.9170 | NZ=  1866 | sparsity=0.1361 | d_m=5.6153e+00
step  295 | acc=0.9180 | NZ=  1865 | sparsity=0.1366 | d_m=5.8418e+00
step  296 | acc=0.9180 | NZ=  1864 | sparsity=0.1370 | d_m=6.4093e+00
step  297 | acc=0.9170 | NZ=  1863 | sparsity=0.1375 | d_m=7.1424e+00
step  298 | acc=0.9170 | NZ=  1862 | sparsity=0.1380 | d_m=7.6456e+00
step  299 | acc=0.9170 | NZ=  1861 | sparsity=0.1384 | d_m=8.0674e+00
step  300 | acc=0.9170 | NZ=  1860 | sparsity=0.1389 | d_m=8.4427e+00
step  301 | acc=0.9170 | NZ=  1859 | sparsity=0.1394 | d_m=8.8961e+00
step  302 | acc=0.9170 | NZ=  1858 | sparsity=0.1398 | d_m=8.9412e+00
step  303 | acc=0.9170 | NZ=  1857 | sparsity=0.1403 | d_m=9.0563e+00
step  304 | acc=0.9170 | NZ=  1856 | sparsity=0.1407 | d_m=9.5479e+00
step  305 | acc=0.9170 | NZ=  1855 | sparsity=0.1412 | d_m=9.8073e+00
step  306 | acc=0.9180 | NZ=  1854 | sparsity=0.1417 | d_m=9.9103e+00
step  307 | acc=0.9180 | NZ=  1853 | sparsity=0.1421 | d_m=9.7333e+00
step  308 | acc=0.9180 | NZ=  1852 | sparsity=0.1426 | d_m=9.3156e+00
step  309 | acc=0.9180 | NZ=  1851 | sparsity=0.1431 | d_m=8.4832e+00
step  310 | acc=0.9180 | NZ=  1850 | sparsity=0.1435 | d_m=9.0557e+00
step  311 | acc=0.9180 | NZ=  1849 | sparsity=0.1440 | d_m=9.4902e+00
step  312 | acc=0.9180 | NZ=  1848 | sparsity=0.1444 | d_m=9.9890e+00
step  313 | acc=0.9180 | NZ=  1847 | sparsity=0.1449 | d_m=1.0608e+01
step  314 | acc=0.9180 | NZ=  1846 | sparsity=0.1454 | d_m=1.0773e+01
step  315 | acc=0.9180 | NZ=  1845 | sparsity=0.1458 | d_m=1.1081e+01
step  316 | acc=0.9180 | NZ=  1844 | sparsity=0.1463 | d_m=1.2129e+01
step  317 | acc=0.9170 | NZ=  1843 | sparsity=0.1468 | d_m=1.2644e+01
step  318 | acc=0.9170 | NZ=  1842 | sparsity=0.1472 | d_m=1.1447e+01
step  319 | acc=0.9180 | NZ=  1841 | sparsity=0.1477 | d_m=1.1377e+01
step  320 | acc=0.9180 | NZ=  1840 | sparsity=0.1481 | d_m=1.1296e+01
step  321 | acc=0.9180 | NZ=  1839 | sparsity=0.1486 | d_m=1.1377e+01
step  322 | acc=0.9180 | NZ=  1838 | sparsity=0.1491 | d_m=1.1760e+01
step  323 | acc=0.9180 | NZ=  1837 | sparsity=0.1495 | d_m=1.2557e+01
step  324 | acc=0.9180 | NZ=  1836 | sparsity=0.1500 | d_m=1.2402e+01
step  325 | acc=0.9170 | NZ=  1835 | sparsity=0.1505 | d_m=1.3490e+01
step  326 | acc=0.9170 | NZ=  1834 | sparsity=0.1509 | d_m=1.4630e+01
step  327 | acc=0.9170 | NZ=  1833 | sparsity=0.1514 | d_m=1.5351e+01
step  328 | acc=0.9170 | NZ=  1832 | sparsity=0.1519 | d_m=1.6231e+01
step  329 | acc=0.9170 | NZ=  1831 | sparsity=0.1523 | d_m=1.5602e+01
step  330 | acc=0.9170 | NZ=  1830 | sparsity=0.1528 | d_m=1.6235e+01
step  331 | acc=0.9170 | NZ=  1829 | sparsity=0.1532 | d_m=1.7613e+01
step  332 | acc=0.9170 | NZ=  1828 | sparsity=0.1537 | d_m=1.8497e+01
step  333 | acc=0.9170 | NZ=  1827 | sparsity=0.1542 | d_m=1.9063e+01
step  334 | acc=0.9170 | NZ=  1826 | sparsity=0.1546 | d_m=2.0055e+01
step  335 | acc=0.9180 | NZ=  1825 | sparsity=0.1551 | d_m=2.0618e+01
step  336 | acc=0.9170 | NZ=  1824 | sparsity=0.1556 | d_m=1.8830e+01
step  337 | acc=0.9170 | NZ=  1823 | sparsity=0.1560 | d_m=1.9129e+01
step  338 | acc=0.9170 | NZ=  1822 | sparsity=0.1565 | d_m=1.9648e+01
step  339 | acc=0.9170 | NZ=  1821 | sparsity=0.1569 | d_m=1.8966e+01
step  340 | acc=0.9180 | NZ=  1820 | sparsity=0.1574 | d_m=2.0581e+01
step  341 | acc=0.9180 | NZ=  1819 | sparsity=0.1579 | d_m=2.1593e+01
step  342 | acc=0.9180 | NZ=  1818 | sparsity=0.1583 | d_m=2.1329e+01
step  343 | acc=0.9180 | NZ=  1817 | sparsity=0.1588 | d_m=2.2204e+01
step  344 | acc=0.9180 | NZ=  1816 | sparsity=0.1593 | d_m=2.2625e+01
step  345 | acc=0.9180 | NZ=  1815 | sparsity=0.1597 | d_m=2.2276e+01
step  346 | acc=0.9180 | NZ=  1814 | sparsity=0.1602 | d_m=2.3317e+01
step  347 | acc=0.9180 | NZ=  1813 | sparsity=0.1606 | d_m=2.3889e+01
step  348 | acc=0.9180 | NZ=  1812 | sparsity=0.1611 | d_m=2.4782e+01
step  349 | acc=0.9180 | NZ=  1811 | sparsity=0.1616 | d_m=2.4636e+01
step  350 | acc=0.9180 | NZ=  1810 | sparsity=0.1620 | d_m=2.5392e+01
step  351 | acc=0.9180 | NZ=  1809 | sparsity=0.1625 | d_m=2.6071e+01
step  352 | acc=0.9180 | NZ=  1808 | sparsity=0.1630 | d_m=2.6946e+01
step  353 | acc=0.9180 | NZ=  1807 | sparsity=0.1634 | d_m=2.5274e+01
step  354 | acc=0.9180 | NZ=  1806 | sparsity=0.1639 | d_m=2.5564e+01
step  355 | acc=0.9180 | NZ=  1805 | sparsity=0.1644 | d_m=2.6522e+01
step  356 | acc=0.9190 | NZ=  1804 | sparsity=0.1648 | d_m=2.7442e+01
step  357 | acc=0.9190 | NZ=  1803 | sparsity=0.1653 | d_m=2.5923e+01
step  358 | acc=0.9190 | NZ=  1802 | sparsity=0.1657 | d_m=2.7370e+01
step  359 | acc=0.9190 | NZ=  1801 | sparsity=0.1662 | d_m=2.7033e+01
step  360 | acc=0.9180 | NZ=  1800 | sparsity=0.1667 | d_m=2.6767e+01
step  361 | acc=0.9180 | NZ=  1799 | sparsity=0.1671 | d_m=2.8181e+01
step  362 | acc=0.9180 | NZ=  1798 | sparsity=0.1676 | d_m=2.8582e+01
step  363 | acc=0.9180 | NZ=  1797 | sparsity=0.1681 | d_m=2.9499e+01
step  364 | acc=0.9180 | NZ=  1796 | sparsity=0.1685 | d_m=2.9359e+01
step  365 | acc=0.9180 | NZ=  1795 | sparsity=0.1690 | d_m=3.1675e+01
step  366 | acc=0.9180 | NZ=  1794 | sparsity=0.1694 | d_m=3.3150e+01
step  367 | acc=0.9180 | NZ=  1793 | sparsity=0.1699 | d_m=3.4038e+01
step  368 | acc=0.9180 | NZ=  1792 | sparsity=0.1704 | d_m=3.5886e+01
step  369 | acc=0.9180 | NZ=  1791 | sparsity=0.1708 | d_m=3.6896e+01
step  370 | acc=0.9180 | NZ=  1790 | sparsity=0.1713 | d_m=3.6207e+01
step  371 | acc=0.9180 | NZ=  1789 | sparsity=0.1718 | d_m=3.7400e+01
step  372 | acc=0.9180 | NZ=  1788 | sparsity=0.1722 | d_m=3.6801e+01
step  373 | acc=0.9180 | NZ=  1787 | sparsity=0.1727 | d_m=3.8685e+01
step  374 | acc=0.9180 | NZ=  1786 | sparsity=0.1731 | d_m=4.0244e+01
step  375 | acc=0.9180 | NZ=  1785 | sparsity=0.1736 | d_m=4.0667e+01
step  376 | acc=0.9180 | NZ=  1784 | sparsity=0.1741 | d_m=4.3257e+01
step  377 | acc=0.9180 | NZ=  1783 | sparsity=0.1745 | d_m=4.5473e+01
step  378 | acc=0.9180 | NZ=  1782 | sparsity=0.1750 | d_m=4.6367e+01
step  379 | acc=0.9180 | NZ=  1781 | sparsity=0.1755 | d_m=4.6810e+01
step  380 | acc=0.9180 | NZ=  1780 | sparsity=0.1759 | d_m=4.6093e+01
step  381 | acc=0.9180 | NZ=  1779 | sparsity=0.1764 | d_m=4.3352e+01
step  382 | acc=0.9180 | NZ=  1778 | sparsity=0.1769 | d_m=4.4651e+01
step  383 | acc=0.9180 | NZ=  1777 | sparsity=0.1773 | d_m=4.4383e+01
step  384 | acc=0.9180 | NZ=  1776 | sparsity=0.1778 | d_m=4.7111e+01
step  385 | acc=0.9180 | NZ=  1775 | sparsity=0.1782 | d_m=5.0667e+01
step  386 | acc=0.9180 | NZ=  1774 | sparsity=0.1787 | d_m=4.8700e+01
step  387 | acc=0.9180 | NZ=  1773 | sparsity=0.1792 | d_m=5.2547e+01
step  388 | acc=0.9190 | NZ=  1772 | sparsity=0.1796 | d_m=5.5189e+01
step  389 | acc=0.9180 | NZ=  1771 | sparsity=0.1801 | d_m=5.5190e+01
step  390 | acc=0.9180 | NZ=  1770 | sparsity=0.1806 | d_m=5.4723e+01
step  391 | acc=0.9190 | NZ=  1769 | sparsity=0.1810 | d_m=5.5768e+01
step  392 | acc=0.9180 | NZ=  1768 | sparsity=0.1815 | d_m=5.7423e+01
step  393 | acc=0.9190 | NZ=  1767 | sparsity=0.1819 | d_m=5.8685e+01
step  394 | acc=0.9180 | NZ=  1766 | sparsity=0.1824 | d_m=6.0714e+01
step  395 | acc=0.9190 | NZ=  1765 | sparsity=0.1829 | d_m=6.1710e+01
step  396 | acc=0.9180 | NZ=  1764 | sparsity=0.1833 | d_m=6.3079e+01
step  397 | acc=0.9190 | NZ=  1763 | sparsity=0.1838 | d_m=6.6198e+01
step  398 | acc=0.9180 | NZ=  1762 | sparsity=0.1843 | d_m=7.0073e+01
step  399 | acc=0.9180 | NZ=  1761 | sparsity=0.1847 | d_m=6.9976e+01
step  400 | acc=0.9190 | NZ=  1760 | sparsity=0.1852 | d_m=7.2914e+01
step  401 | acc=0.9180 | NZ=  1759 | sparsity=0.1856 | d_m=7.4618e+01
step  402 | acc=0.9170 | NZ=  1758 | sparsity=0.1861 | d_m=7.7945e+01
step  403 | acc=0.9180 | NZ=  1757 | sparsity=0.1866 | d_m=7.7864e+01
step  404 | acc=0.9180 | NZ=  1756 | sparsity=0.1870 | d_m=7.9381e+01
step  405 | acc=0.9180 | NZ=  1755 | sparsity=0.1875 | d_m=7.7711e+01
step  406 | acc=0.9180 | NZ=  1754 | sparsity=0.1880 | d_m=7.5791e+01
step  407 | acc=0.9180 | NZ=  1753 | sparsity=0.1884 | d_m=7.5335e+01
step  408 | acc=0.9180 | NZ=  1752 | sparsity=0.1889 | d_m=7.7709e+01
step  409 | acc=0.9180 | NZ=  1751 | sparsity=0.1894 | d_m=7.9057e+01
step  410 | acc=0.9180 | NZ=  1750 | sparsity=0.1898 | d_m=7.7953e+01
step  411 | acc=0.9180 | NZ=  1749 | sparsity=0.1903 | d_m=8.1565e+01
step  412 | acc=0.9180 | NZ=  1748 | sparsity=0.1907 | d_m=8.5566e+01
step  413 | acc=0.9180 | NZ=  1747 | sparsity=0.1912 | d_m=8.7612e+01
step  414 | acc=0.9180 | NZ=  1746 | sparsity=0.1917 | d_m=8.7157e+01
step  415 | acc=0.9180 | NZ=  1745 | sparsity=0.1921 | d_m=8.5734e+01
step  416 | acc=0.9180 | NZ=  1744 | sparsity=0.1926 | d_m=8.2465e+01
step  417 | acc=0.9180 | NZ=  1743 | sparsity=0.1931 | d_m=8.3099e+01
step  418 | acc=0.9180 | NZ=  1742 | sparsity=0.1935 | d_m=8.8574e+01
step  419 | acc=0.9180 | NZ=  1741 | sparsity=0.1940 | d_m=9.2332e+01
step  420 | acc=0.9180 | NZ=  1740 | sparsity=0.1944 | d_m=9.6973e+01
step  421 | acc=0.9190 | NZ=  1739 | sparsity=0.1949 | d_m=1.0006e+02
step  422 | acc=0.9180 | NZ=  1738 | sparsity=0.1954 | d_m=9.8877e+01
step  423 | acc=0.9180 | NZ=  1737 | sparsity=0.1958 | d_m=1.0103e+02
step  424 | acc=0.9180 | NZ=  1736 | sparsity=0.1963 | d_m=1.0291e+02
step  425 | acc=0.9190 | NZ=  1735 | sparsity=0.1968 | d_m=1.0458e+02
step  426 | acc=0.9180 | NZ=  1734 | sparsity=0.1972 | d_m=1.0659e+02
step  427 | acc=0.9190 | NZ=  1733 | sparsity=0.1977 | d_m=1.0841e+02
step  428 | acc=0.9190 | NZ=  1732 | sparsity=0.1981 | d_m=1.1170e+02
step  429 | acc=0.9180 | NZ=  1731 | sparsity=0.1986 | d_m=1.1278e+02
step  430 | acc=0.9180 | NZ=  1730 | sparsity=0.1991 | d_m=1.1531e+02
step  431 | acc=0.9180 | NZ=  1729 | sparsity=0.1995 | d_m=1.1659e+02
step  432 | acc=0.9180 | NZ=  1728 | sparsity=0.2000 | d_m=1.1494e+02
step  433 | acc=0.9180 | NZ=  1727 | sparsity=0.2005 | d_m=1.1326e+02
step  434 | acc=0.9180 | NZ=  1726 | sparsity=0.2009 | d_m=1.0857e+02
step  435 | acc=0.9180 | NZ=  1725 | sparsity=0.2014 | d_m=1.1075e+02
step  436 | acc=0.9180 | NZ=  1724 | sparsity=0.2019 | d_m=1.1386e+02
step  437 | acc=0.9180 | NZ=  1723 | sparsity=0.2023 | d_m=1.1602e+02
step  438 | acc=0.9180 | NZ=  1722 | sparsity=0.2028 | d_m=1.2049e+02
step  439 | acc=0.9180 | NZ=  1721 | sparsity=0.2032 | d_m=1.2481e+02
step  440 | acc=0.9180 | NZ=  1720 | sparsity=0.2037 | d_m=1.3019e+02
step  441 | acc=0.9180 | NZ=  1719 | sparsity=0.2042 | d_m=1.3458e+02
step  442 | acc=0.9180 | NZ=  1718 | sparsity=0.2046 | d_m=1.3672e+02
step  443 | acc=0.9180 | NZ=  1717 | sparsity=0.2051 | d_m=1.3514e+02
step  444 | acc=0.9190 | NZ=  1716 | sparsity=0.2056 | d_m=1.3712e+02
step  445 | acc=0.9170 | NZ=  1715 | sparsity=0.2060 | d_m=1.3808e+02
step  446 | acc=0.9170 | NZ=  1714 | sparsity=0.2065 | d_m=1.4008e+02
step  447 | acc=0.9170 | NZ=  1713 | sparsity=0.2069 | d_m=1.4116e+02
step  448 | acc=0.9180 | NZ=  1712 | sparsity=0.2074 | d_m=1.4189e+02
step  449 | acc=0.9170 | NZ=  1711 | sparsity=0.2079 | d_m=1.4213e+02
step  450 | acc=0.9170 | NZ=  1710 | sparsity=0.2083 | d_m=1.4332e+02
step  451 | acc=0.9180 | NZ=  1709 | sparsity=0.2088 | d_m=1.4392e+02
step  452 | acc=0.9170 | NZ=  1708 | sparsity=0.2093 | d_m=1.3709e+02
step  453 | acc=0.9170 | NZ=  1707 | sparsity=0.2097 | d_m=1.4244e+02
step  454 | acc=0.9170 | NZ=  1706 | sparsity=0.2102 | d_m=1.4138e+02
step  455 | acc=0.9170 | NZ=  1705 | sparsity=0.2106 | d_m=1.4347e+02
step  456 | acc=0.9170 | NZ=  1704 | sparsity=0.2111 | d_m=1.3909e+02
step  457 | acc=0.9170 | NZ=  1703 | sparsity=0.2116 | d_m=1.4446e+02
step  458 | acc=0.9170 | NZ=  1702 | sparsity=0.2120 | d_m=1.4219e+02
step  459 | acc=0.9160 | NZ=  1701 | sparsity=0.2125 | d_m=1.4877e+02
step  460 | acc=0.9170 | NZ=  1700 | sparsity=0.2130 | d_m=1.5342e+02
step  461 | acc=0.9170 | NZ=  1699 | sparsity=0.2134 | d_m=1.5641e+02
step  462 | acc=0.9170 | NZ=  1698 | sparsity=0.2139 | d_m=1.5809e+02
step  463 | acc=0.9170 | NZ=  1697 | sparsity=0.2144 | d_m=1.6179e+02
step  464 | acc=0.9170 | NZ=  1696 | sparsity=0.2148 | d_m=1.6523e+02
step  465 | acc=0.9170 | NZ=  1695 | sparsity=0.2153 | d_m=1.6821e+02
step  466 | acc=0.9170 | NZ=  1694 | sparsity=0.2157 | d_m=1.6313e+02
step  467 | acc=0.9170 | NZ=  1693 | sparsity=0.2162 | d_m=1.6757e+02
step  468 | acc=0.9170 | NZ=  1692 | sparsity=0.2167 | d_m=1.7183e+02
step  469 | acc=0.9170 | NZ=  1691 | sparsity=0.2171 | d_m=1.7398e+02
step  470 | acc=0.9170 | NZ=  1690 | sparsity=0.2176 | d_m=1.7600e+02
step  471 | acc=0.9170 | NZ=  1689 | sparsity=0.2181 | d_m=1.7820e+02
step  472 | acc=0.9170 | NZ=  1688 | sparsity=0.2185 | d_m=1.7535e+02
step  473 | acc=0.9170 | NZ=  1687 | sparsity=0.2190 | d_m=1.7397e+02
step  474 | acc=0.9170 | NZ=  1686 | sparsity=0.2194 | d_m=1.7627e+02
step  475 | acc=0.9170 | NZ=  1685 | sparsity=0.2199 | d_m=1.7520e+02
step  476 | acc=0.9170 | NZ=  1684 | sparsity=0.2204 | d_m=1.7923e+02
step  477 | acc=0.9160 | NZ=  1683 | sparsity=0.2208 | d_m=1.7878e+02
step  478 | acc=0.9160 | NZ=  1682 | sparsity=0.2213 | d_m=1.8214e+02
step  479 | acc=0.9160 | NZ=  1681 | sparsity=0.2218 | d_m=1.8127e+02
step  480 | acc=0.9160 | NZ=  1680 | sparsity=0.2222 | d_m=1.8582e+02
step  481 | acc=0.9170 | NZ=  1679 | sparsity=0.2227 | d_m=1.8867e+02
step  482 | acc=0.9160 | NZ=  1678 | sparsity=0.2231 | d_m=1.9256e+02
step  483 | acc=0.9170 | NZ=  1677 | sparsity=0.2236 | d_m=1.9588e+02
step  484 | acc=0.9170 | NZ=  1676 | sparsity=0.2241 | d_m=1.9867e+02
step  485 | acc=0.9170 | NZ=  1675 | sparsity=0.2245 | d_m=2.0263e+02
step  486 | acc=0.9170 | NZ=  1674 | sparsity=0.2250 | d_m=2.0481e+02
step  487 | acc=0.9170 | NZ=  1673 | sparsity=0.2255 | d_m=2.0973e+02
step  488 | acc=0.9170 | NZ=  1672 | sparsity=0.2259 | d_m=2.1432e+02
step  489 | acc=0.9170 | NZ=  1671 | sparsity=0.2264 | d_m=2.1768e+02
step  490 | acc=0.9170 | NZ=  1670 | sparsity=0.2269 | d_m=2.1992e+02
step  491 | acc=0.9170 | NZ=  1669 | sparsity=0.2273 | d_m=2.2012e+02
step  492 | acc=0.9170 | NZ=  1668 | sparsity=0.2278 | d_m=2.1907e+02
step  493 | acc=0.9170 | NZ=  1667 | sparsity=0.2282 | d_m=2.1477e+02
step  494 | acc=0.9170 | NZ=  1666 | sparsity=0.2287 | d_m=2.1481e+02
step  495 | acc=0.9160 | NZ=  1665 | sparsity=0.2292 | d_m=2.1558e+02
step  496 | acc=0.9160 | NZ=  1664 | sparsity=0.2296 | d_m=2.0619e+02
step  497 | acc=0.9160 | NZ=  1663 | sparsity=0.2301 | d_m=2.0671e+02
step  498 | acc=0.9160 | NZ=  1662 | sparsity=0.2306 | d_m=2.1006e+02
step  499 | acc=0.9160 | NZ=  1661 | sparsity=0.2310 | d_m=2.0743e+02
OBD sparsification log saved to: /home/simon/repos/onnxmlir-pim-sparsify/artifacts/e13_obd/obd_sparsified/obd_sparsification_log.csv
