Load the parameters from the folder
Found 3 layers in /home/simon/repos/onnxmlir-pim-sparsify/artifacts/e12_kwon
Accuracy in validation: 0.9160
Total parameters: 2160
Perturbation distance (sanity check): 3.5142e+00
Starting Kwon sparsification loop
step    0 | acc=0.9160 | NZ=  2160 | sparsity=0.0000 | d_m=0.0000e+00
step    1 | acc=0.9160 | NZ=  2159 | sparsity=0.0005 | d_m=1.7784e+01
step    2 | acc=0.9160 | NZ=  2158 | sparsity=0.0009 | d_m=9.7867e+00
step    3 | acc=0.9160 | NZ=  2157 | sparsity=0.0014 | d_m=7.2505e+00
step    4 | acc=0.9160 | NZ=  2156 | sparsity=0.0019 | d_m=6.1970e+00
step    5 | acc=0.9160 | NZ=  2155 | sparsity=0.0023 | d_m=5.6388e+00
step    6 | acc=0.9160 | NZ=  2154 | sparsity=0.0028 | d_m=5.2805e+00
step    7 | acc=0.9160 | NZ=  2153 | sparsity=0.0032 | d_m=5.0315e+00
step    8 | acc=0.9160 | NZ=  2152 | sparsity=0.0037 | d_m=4.8480e+00
step    9 | acc=0.9160 | NZ=  2151 | sparsity=0.0042 | d_m=4.7178e+00
step   10 | acc=0.9160 | NZ=  2150 | sparsity=0.0046 | d_m=4.6132e+00
step   11 | acc=0.9160 | NZ=  2149 | sparsity=0.0051 | d_m=4.5325e+00
step   12 | acc=0.9160 | NZ=  2148 | sparsity=0.0056 | d_m=4.4643e+00
step   13 | acc=0.9160 | NZ=  2147 | sparsity=0.0060 | d_m=4.4095e+00
step   14 | acc=0.9160 | NZ=  2146 | sparsity=0.0065 | d_m=4.3658e+00
step   15 | acc=0.9160 | NZ=  2145 | sparsity=0.0069 | d_m=4.3284e+00
step   16 | acc=0.9160 | NZ=  2144 | sparsity=0.0074 | d_m=4.2963e+00
step   17 | acc=0.9160 | NZ=  2143 | sparsity=0.0079 | d_m=4.2677e+00
step   18 | acc=0.9160 | NZ=  2142 | sparsity=0.0083 | d_m=4.2403e+00
step   19 | acc=0.9160 | NZ=  2141 | sparsity=0.0088 | d_m=4.2148e+00
step   20 | acc=0.9160 | NZ=  2140 | sparsity=0.0093 | d_m=4.1916e+00
step   21 | acc=0.9160 | NZ=  2139 | sparsity=0.0097 | d_m=4.1675e+00
step   22 | acc=0.9160 | NZ=  2138 | sparsity=0.0102 | d_m=4.1464e+00
step   23 | acc=0.9160 | NZ=  2137 | sparsity=0.0106 | d_m=4.1250e+00
step   24 | acc=0.9160 | NZ=  2136 | sparsity=0.0111 | d_m=4.1067e+00
step   25 | acc=0.9160 | NZ=  2135 | sparsity=0.0116 | d_m=4.0891e+00
step   26 | acc=0.9160 | NZ=  2134 | sparsity=0.0120 | d_m=4.0724e+00
step   27 | acc=0.9160 | NZ=  2133 | sparsity=0.0125 | d_m=4.0556e+00
step   28 | acc=0.9160 | NZ=  2132 | sparsity=0.0130 | d_m=4.0397e+00
step   29 | acc=0.9160 | NZ=  2131 | sparsity=0.0134 | d_m=4.0250e+00
step   30 | acc=0.9160 | NZ=  2130 | sparsity=0.0139 | d_m=4.0116e+00
step   31 | acc=0.9160 | NZ=  2129 | sparsity=0.0144 | d_m=3.9981e+00
step   32 | acc=0.9160 | NZ=  2128 | sparsity=0.0148 | d_m=3.9853e+00
step   33 | acc=0.9160 | NZ=  2127 | sparsity=0.0153 | d_m=3.9734e+00
step   34 | acc=0.9160 | NZ=  2126 | sparsity=0.0157 | d_m=3.9604e+00
step   35 | acc=0.9160 | NZ=  2125 | sparsity=0.0162 | d_m=3.9490e+00
step   36 | acc=0.9160 | NZ=  2124 | sparsity=0.0167 | d_m=3.9375e+00
step   37 | acc=0.9160 | NZ=  2123 | sparsity=0.0171 | d_m=3.9261e+00
step   38 | acc=0.9160 | NZ=  2122 | sparsity=0.0176 | d_m=3.9155e+00
step   39 | acc=0.9160 | NZ=  2121 | sparsity=0.0181 | d_m=3.9057e+00
step   40 | acc=0.9160 | NZ=  2120 | sparsity=0.0185 | d_m=3.8957e+00
step   41 | acc=0.9160 | NZ=  2119 | sparsity=0.0190 | d_m=3.8857e+00
step   42 | acc=0.9160 | NZ=  2118 | sparsity=0.0194 | d_m=3.8761e+00
step   43 | acc=0.9160 | NZ=  2117 | sparsity=0.0199 | d_m=3.8671e+00
step   44 | acc=0.9160 | NZ=  2116 | sparsity=0.0204 | d_m=3.8599e+00
step   45 | acc=0.9160 | NZ=  2115 | sparsity=0.0208 | d_m=3.8507e+00
step   46 | acc=0.9160 | NZ=  2114 | sparsity=0.0213 | d_m=3.8428e+00
step   47 | acc=0.9160 | NZ=  2113 | sparsity=0.0218 | d_m=3.8349e+00
step   48 | acc=0.9160 | NZ=  2112 | sparsity=0.0222 | d_m=4.2787e+00
step   49 | acc=0.9160 | NZ=  2111 | sparsity=0.0227 | d_m=4.0931e+00
step   50 | acc=0.9160 | NZ=  2110 | sparsity=0.0231 | d_m=4.0177e+00
step   51 | acc=0.9160 | NZ=  2109 | sparsity=0.0236 | d_m=3.9780e+00
step   52 | acc=0.9160 | NZ=  2108 | sparsity=0.0241 | d_m=1.1533e+01
step   53 | acc=0.9160 | NZ=  2107 | sparsity=0.0245 | d_m=9.7066e+00
step   54 | acc=0.9170 | NZ=  2106 | sparsity=0.0250 | d_m=8.6217e+00
step   55 | acc=0.9170 | NZ=  2105 | sparsity=0.0255 | d_m=7.9334e+00
step   56 | acc=0.9160 | NZ=  2104 | sparsity=0.0259 | d_m=7.4724e+00
step   57 | acc=0.9160 | NZ=  2103 | sparsity=0.0264 | d_m=7.1354e+00
step   58 | acc=0.9160 | NZ=  2102 | sparsity=0.0269 | d_m=8.8829e+01
step   59 | acc=0.9160 | NZ=  2101 | sparsity=0.0273 | d_m=1.0621e+02
step   60 | acc=0.9170 | NZ=  2100 | sparsity=0.0278 | d_m=8.5335e+01
step   61 | acc=0.9170 | NZ=  2099 | sparsity=0.0282 | d_m=7.2517e+01
step   62 | acc=0.9170 | NZ=  2098 | sparsity=0.0287 | d_m=6.3886e+01
step   63 | acc=0.9170 | NZ=  2097 | sparsity=0.0292 | d_m=5.7876e+01
step   64 | acc=0.9160 | NZ=  2096 | sparsity=0.0296 | d_m=1.1900e+02
step   65 | acc=0.9160 | NZ=  2095 | sparsity=0.0301 | d_m=9.7867e+01
step   66 | acc=0.9160 | NZ=  2094 | sparsity=0.0306 | d_m=8.6179e+01
step   67 | acc=0.9160 | NZ=  2093 | sparsity=0.0310 | d_m=7.8966e+01
step   68 | acc=0.9160 | NZ=  2092 | sparsity=0.0315 | d_m=7.4244e+01
step   69 | acc=0.9160 | NZ=  2091 | sparsity=0.0319 | d_m=7.0485e+01
step   70 | acc=0.9160 | NZ=  2090 | sparsity=0.0324 | d_m=1.7006e+03
step   71 | acc=0.9150 | NZ=  2089 | sparsity=0.0329 | d_m=1.2416e+03
step   72 | acc=0.9150 | NZ=  2088 | sparsity=0.0333 | d_m=1.0125e+03
step   73 | acc=0.9150 | NZ=  2087 | sparsity=0.0338 | d_m=8.8183e+02
step   74 | acc=0.9150 | NZ=  2086 | sparsity=0.0343 | d_m=7.9932e+02
step   75 | acc=0.9150 | NZ=  2085 | sparsity=0.0347 | d_m=7.4073e+02
step   76 | acc=0.9150 | NZ=  2084 | sparsity=0.0352 | d_m=6.9555e+02
step   77 | acc=0.9150 | NZ=  2083 | sparsity=0.0356 | d_m=6.5919e+02
step   78 | acc=0.9150 | NZ=  2082 | sparsity=0.0361 | d_m=6.2844e+02
step   79 | acc=0.9150 | NZ=  2081 | sparsity=0.0366 | d_m=6.0225e+02
step   80 | acc=0.9150 | NZ=  2080 | sparsity=0.0370 | d_m=5.7946e+02
step   81 | acc=0.9150 | NZ=  2079 | sparsity=0.0375 | d_m=5.6061e+02
step   82 | acc=0.9150 | NZ=  2078 | sparsity=0.0380 | d_m=5.4579e+02
step   83 | acc=0.9140 | NZ=  2077 | sparsity=0.0384 | d_m=7.0556e+02
step   84 | acc=0.9140 | NZ=  2076 | sparsity=0.0389 | d_m=6.4140e+02
step   85 | acc=0.9140 | NZ=  2075 | sparsity=0.0394 | d_m=6.0332e+02
step   86 | acc=0.9140 | NZ=  2074 | sparsity=0.0398 | d_m=5.7729e+02
step   87 | acc=0.9150 | NZ=  2073 | sparsity=0.0403 | d_m=5.5729e+02
step   88 | acc=0.9150 | NZ=  2072 | sparsity=0.0407 | d_m=5.4108e+02
step   89 | acc=0.9150 | NZ=  2071 | sparsity=0.0412 | d_m=5.2719e+02
step   90 | acc=0.9150 | NZ=  2070 | sparsity=0.0417 | d_m=5.1499e+02
step   91 | acc=0.9150 | NZ=  2069 | sparsity=0.0421 | d_m=5.0399e+02
step   92 | acc=0.9150 | NZ=  2068 | sparsity=0.0426 | d_m=4.9386e+02
step   93 | acc=0.9150 | NZ=  2067 | sparsity=0.0431 | d_m=4.8457e+02
step   94 | acc=0.9150 | NZ=  2066 | sparsity=0.0435 | d_m=4.7616e+02
step   95 | acc=0.9140 | NZ=  2065 | sparsity=0.0440 | d_m=5.4864e+02
step   96 | acc=0.9150 | NZ=  2064 | sparsity=0.0444 | d_m=7.6165e+02
step   97 | acc=0.9150 | NZ=  2063 | sparsity=0.0449 | d_m=6.8415e+02
step   98 | acc=0.9150 | NZ=  2062 | sparsity=0.0454 | d_m=6.3621e+02
step   99 | acc=0.9140 | NZ=  2061 | sparsity=0.0458 | d_m=1.4579e+03
step  100 | acc=0.9140 | NZ=  2060 | sparsity=0.0463 | d_m=1.1862e+03
step  101 | acc=0.9140 | NZ=  2059 | sparsity=0.0468 | d_m=1.0502e+03
step  102 | acc=0.9140 | NZ=  2058 | sparsity=0.0472 | d_m=9.6922e+02
step  103 | acc=0.9140 | NZ=  2057 | sparsity=0.0477 | d_m=9.1578e+02
step  104 | acc=0.9140 | NZ=  2056 | sparsity=0.0481 | d_m=8.9695e+02
step  105 | acc=0.9140 | NZ=  2055 | sparsity=0.0486 | d_m=8.6710e+02
step  106 | acc=0.9140 | NZ=  2054 | sparsity=0.0491 | d_m=8.3899e+02
step  107 | acc=0.9140 | NZ=  2053 | sparsity=0.0495 | d_m=8.1510e+02
step  108 | acc=0.9140 | NZ=  2052 | sparsity=0.0500 | d_m=7.9459e+02
step  109 | acc=0.9140 | NZ=  2051 | sparsity=0.0505 | d_m=7.9655e+02
step  110 | acc=0.9140 | NZ=  2050 | sparsity=0.0509 | d_m=7.7402e+02
step  111 | acc=0.9140 | NZ=  2049 | sparsity=0.0514 | d_m=7.5612e+02
step  112 | acc=0.9140 | NZ=  2048 | sparsity=0.0519 | d_m=7.4196e+02
step  113 | acc=0.9150 | NZ=  2047 | sparsity=0.0523 | d_m=7.2803e+02
step  114 | acc=0.9150 | NZ=  2046 | sparsity=0.0528 | d_m=7.1704e+02
step  115 | acc=0.9150 | NZ=  2045 | sparsity=0.0532 | d_m=7.0578e+02
step  116 | acc=0.9140 | NZ=  2044 | sparsity=0.0537 | d_m=7.5077e+02
step  117 | acc=0.9140 | NZ=  2043 | sparsity=0.0542 | d_m=7.3416e+02
step  118 | acc=0.9140 | NZ=  2042 | sparsity=0.0546 | d_m=7.2092e+02
step  119 | acc=0.9140 | NZ=  2041 | sparsity=0.0551 | d_m=7.0839e+02
step  120 | acc=0.9140 | NZ=  2040 | sparsity=0.0556 | d_m=6.9722e+02
step  121 | acc=0.9140 | NZ=  2039 | sparsity=0.0560 | d_m=6.8712e+02
step  122 | acc=0.9150 | NZ=  2038 | sparsity=0.0565 | d_m=7.6190e+02
step  123 | acc=0.9150 | NZ=  2037 | sparsity=0.0569 | d_m=7.5938e+02
step  124 | acc=0.9150 | NZ=  2036 | sparsity=0.0574 | d_m=7.5039e+02
step  125 | acc=0.9150 | NZ=  2035 | sparsity=0.0579 | d_m=7.8736e+02
step  126 | acc=0.9150 | NZ=  2034 | sparsity=0.0583 | d_m=7.6348e+02
step  127 | acc=0.9150 | NZ=  2033 | sparsity=0.0588 | d_m=7.4513e+02
step  128 | acc=0.9150 | NZ=  2032 | sparsity=0.0593 | d_m=7.3026e+02
step  129 | acc=0.9150 | NZ=  2031 | sparsity=0.0597 | d_m=7.2471e+02
step  130 | acc=0.9150 | NZ=  2030 | sparsity=0.0602 | d_m=7.1207e+02
step  131 | acc=0.9150 | NZ=  2029 | sparsity=0.0606 | d_m=9.7737e+02
step  132 | acc=0.9140 | NZ=  2028 | sparsity=0.0611 | d_m=8.9613e+02
step  133 | acc=0.9140 | NZ=  2027 | sparsity=0.0616 | d_m=8.4454e+02
step  134 | acc=0.9140 | NZ=  2026 | sparsity=0.0620 | d_m=1.5252e+03
step  135 | acc=0.9160 | NZ=  2025 | sparsity=0.0625 | d_m=1.3997e+03
step  136 | acc=0.9160 | NZ=  2024 | sparsity=0.0630 | d_m=1.2485e+03
step  137 | acc=0.9160 | NZ=  2023 | sparsity=0.0634 | d_m=1.1509e+03
step  138 | acc=0.9160 | NZ=  2022 | sparsity=0.0639 | d_m=1.0817e+03
step  139 | acc=0.9150 | NZ=  2021 | sparsity=0.0644 | d_m=1.0288e+03
step  140 | acc=0.9150 | NZ=  2020 | sparsity=0.0648 | d_m=9.8639e+02
step  141 | acc=0.9160 | NZ=  2019 | sparsity=0.0653 | d_m=9.5201e+02
step  142 | acc=0.9160 | NZ=  2018 | sparsity=0.0657 | d_m=9.2300e+02
step  143 | acc=0.9150 | NZ=  2017 | sparsity=0.0662 | d_m=8.9678e+02
step  144 | acc=0.9150 | NZ=  2016 | sparsity=0.0667 | d_m=8.7492e+02
step  145 | acc=0.9170 | NZ=  2015 | sparsity=0.0671 | d_m=8.7455e+02
step  146 | acc=0.9170 | NZ=  2014 | sparsity=0.0676 | d_m=8.5248e+02
step  147 | acc=0.9170 | NZ=  2013 | sparsity=0.0681 | d_m=8.3319e+02
step  148 | acc=0.9160 | NZ=  2012 | sparsity=0.0685 | d_m=8.1684e+02
step  149 | acc=0.9160 | NZ=  2011 | sparsity=0.0690 | d_m=8.0222e+02
step  150 | acc=0.9150 | NZ=  2010 | sparsity=0.0694 | d_m=7.8931e+02
step  151 | acc=0.9170 | NZ=  2009 | sparsity=0.0699 | d_m=1.1812e+03
step  152 | acc=0.9170 | NZ=  2008 | sparsity=0.0704 | d_m=1.1149e+03
step  153 | acc=0.9160 | NZ=  2007 | sparsity=0.0708 | d_m=1.0631e+03
step  154 | acc=0.9160 | NZ=  2006 | sparsity=0.0713 | d_m=1.0203e+03
step  155 | acc=0.9160 | NZ=  2005 | sparsity=0.0718 | d_m=9.8449e+02
step  156 | acc=0.9150 | NZ=  2004 | sparsity=0.0722 | d_m=1.1154e+03
step  157 | acc=0.9150 | NZ=  2003 | sparsity=0.0727 | d_m=1.0416e+03
step  158 | acc=0.9150 | NZ=  2002 | sparsity=0.0731 | d_m=9.9441e+02
step  159 | acc=0.9150 | NZ=  2001 | sparsity=0.0736 | d_m=9.6014e+02
step  160 | acc=0.9150 | NZ=  2000 | sparsity=0.0741 | d_m=9.3300e+02
step  161 | acc=0.9150 | NZ=  1999 | sparsity=0.0745 | d_m=9.0997e+02
step  162 | acc=0.9190 | NZ=  1998 | sparsity=0.0750 | d_m=2.0358e+03
step  163 | acc=0.9180 | NZ=  1997 | sparsity=0.0755 | d_m=1.7356e+03
step  164 | acc=0.9180 | NZ=  1996 | sparsity=0.0759 | d_m=1.5541e+03
step  165 | acc=0.9150 | NZ=  1995 | sparsity=0.0764 | d_m=1.8388e+03
step  166 | acc=0.9150 | NZ=  1994 | sparsity=0.0769 | d_m=1.6593e+03
step  167 | acc=0.9150 | NZ=  1993 | sparsity=0.0773 | d_m=1.5771e+03
step  168 | acc=0.9150 | NZ=  1992 | sparsity=0.0778 | d_m=1.4914e+03
step  169 | acc=0.9150 | NZ=  1991 | sparsity=0.0782 | d_m=1.6458e+03
step  170 | acc=0.9170 | NZ=  1990 | sparsity=0.0787 | d_m=1.7031e+03
step  171 | acc=0.9170 | NZ=  1989 | sparsity=0.0792 | d_m=1.6022e+03
step  172 | acc=0.9140 | NZ=  1988 | sparsity=0.0796 | d_m=1.5394e+03
step  173 | acc=0.9150 | NZ=  1987 | sparsity=0.0801 | d_m=1.5822e+03
step  174 | acc=0.9150 | NZ=  1986 | sparsity=0.0806 | d_m=1.5200e+03
step  175 | acc=0.9140 | NZ=  1985 | sparsity=0.0810 | d_m=1.8875e+03
step  176 | acc=0.9140 | NZ=  1984 | sparsity=0.0815 | d_m=1.7445e+03
step  177 | acc=0.9140 | NZ=  1983 | sparsity=0.0819 | d_m=1.6524e+03
step  178 | acc=0.9140 | NZ=  1982 | sparsity=0.0824 | d_m=1.5863e+03
step  179 | acc=0.9140 | NZ=  1981 | sparsity=0.0829 | d_m=1.5425e+03
step  180 | acc=0.9140 | NZ=  1980 | sparsity=0.0833 | d_m=1.5329e+03
step  181 | acc=0.9140 | NZ=  1979 | sparsity=0.0838 | d_m=1.5083e+03
step  182 | acc=0.9140 | NZ=  1978 | sparsity=0.0843 | d_m=1.4866e+03
step  183 | acc=0.9140 | NZ=  1977 | sparsity=0.0847 | d_m=1.5061e+03
step  184 | acc=0.9140 | NZ=  1976 | sparsity=0.0852 | d_m=1.5911e+03
step  185 | acc=0.9140 | NZ=  1975 | sparsity=0.0856 | d_m=1.5408e+03
step  186 | acc=0.9140 | NZ=  1974 | sparsity=0.0861 | d_m=1.5025e+03
step  187 | acc=0.9140 | NZ=  1973 | sparsity=0.0866 | d_m=1.4720e+03
step  188 | acc=0.9140 | NZ=  1972 | sparsity=0.0870 | d_m=1.4754e+03
step  189 | acc=0.9140 | NZ=  1971 | sparsity=0.0875 | d_m=1.7188e+03
step  190 | acc=0.9140 | NZ=  1970 | sparsity=0.0880 | d_m=1.6594e+03
step  191 | acc=0.9140 | NZ=  1969 | sparsity=0.0884 | d_m=1.6058e+03
step  192 | acc=0.9140 | NZ=  1968 | sparsity=0.0889 | d_m=1.6137e+03
step  193 | acc=0.9140 | NZ=  1967 | sparsity=0.0894 | d_m=1.5735e+03
step  194 | acc=0.9140 | NZ=  1966 | sparsity=0.0898 | d_m=1.5445e+03
step  195 | acc=0.9150 | NZ=  1965 | sparsity=0.0903 | d_m=2.5252e+03
step  196 | acc=0.9150 | NZ=  1964 | sparsity=0.0907 | d_m=2.2879e+03
step  197 | acc=0.9160 | NZ=  1963 | sparsity=0.0912 | d_m=2.1189e+03
step  198 | acc=0.9160 | NZ=  1962 | sparsity=0.0917 | d_m=2.0138e+03
step  199 | acc=0.9160 | NZ=  1961 | sparsity=0.0921 | d_m=2.0241e+03
step  200 | acc=0.9160 | NZ=  1960 | sparsity=0.0926 | d_m=1.9234e+03
step  201 | acc=0.9160 | NZ=  1959 | sparsity=0.0931 | d_m=1.8497e+03
step  202 | acc=0.9160 | NZ=  1958 | sparsity=0.0935 | d_m=1.7929e+03
step  203 | acc=0.9160 | NZ=  1957 | sparsity=0.0940 | d_m=1.7522e+03
step  204 | acc=0.9160 | NZ=  1956 | sparsity=0.0944 | d_m=1.7172e+03
step  205 | acc=0.9170 | NZ=  1955 | sparsity=0.0949 | d_m=2.2433e+03
step  206 | acc=0.9160 | NZ=  1954 | sparsity=0.0954 | d_m=3.5309e+03
step  207 | acc=0.9160 | NZ=  1953 | sparsity=0.0958 | d_m=3.0517e+03
step  208 | acc=0.9170 | NZ=  1952 | sparsity=0.0963 | d_m=3.5576e+03
step  209 | acc=0.9170 | NZ=  1951 | sparsity=0.0968 | d_m=3.3489e+03
step  210 | acc=0.9170 | NZ=  1950 | sparsity=0.0972 | d_m=3.1298e+03
step  211 | acc=0.9160 | NZ=  1949 | sparsity=0.0977 | d_m=3.4483e+03
step  212 | acc=0.9160 | NZ=  1948 | sparsity=0.0981 | d_m=3.4629e+03
step  213 | acc=0.9170 | NZ=  1947 | sparsity=0.0986 | d_m=3.1989e+03
step  214 | acc=0.9170 | NZ=  1946 | sparsity=0.0991 | d_m=3.0183e+03
step  215 | acc=0.9170 | NZ=  1945 | sparsity=0.0995 | d_m=2.8791e+03
step  216 | acc=0.9170 | NZ=  1944 | sparsity=0.1000 | d_m=2.7708e+03
step  217 | acc=0.9160 | NZ=  1943 | sparsity=0.1005 | d_m=2.6800e+03
step  218 | acc=0.9160 | NZ=  1942 | sparsity=0.1009 | d_m=2.6378e+03
step  219 | acc=0.9160 | NZ=  1941 | sparsity=0.1014 | d_m=2.5606e+03
step  220 | acc=0.9160 | NZ=  1940 | sparsity=0.1019 | d_m=2.4963e+03
step  221 | acc=0.9160 | NZ=  1939 | sparsity=0.1023 | d_m=2.4427e+03
step  222 | acc=0.9170 | NZ=  1938 | sparsity=0.1028 | d_m=2.4505e+03
step  223 | acc=0.9170 | NZ=  1937 | sparsity=0.1032 | d_m=2.7429e+03
step  224 | acc=0.9170 | NZ=  1936 | sparsity=0.1037 | d_m=2.5991e+03
step  225 | acc=0.9170 | NZ=  1935 | sparsity=0.1042 | d_m=2.6374e+03
step  226 | acc=0.9170 | NZ=  1934 | sparsity=0.1046 | d_m=2.5750e+03
step  227 | acc=0.9170 | NZ=  1933 | sparsity=0.1051 | d_m=2.4859e+03
step  228 | acc=0.9170 | NZ=  1932 | sparsity=0.1056 | d_m=2.4242e+03
step  229 | acc=0.9170 | NZ=  1931 | sparsity=0.1060 | d_m=2.3710e+03
step  230 | acc=0.9170 | NZ=  1930 | sparsity=0.1065 | d_m=2.4706e+03
step  231 | acc=0.9170 | NZ=  1929 | sparsity=0.1069 | d_m=2.3954e+03
step  232 | acc=0.9170 | NZ=  1928 | sparsity=0.1074 | d_m=2.3403e+03
step  233 | acc=0.9170 | NZ=  1927 | sparsity=0.1079 | d_m=2.2970e+03
step  234 | acc=0.9170 | NZ=  1926 | sparsity=0.1083 | d_m=2.2600e+03
step  235 | acc=0.9170 | NZ=  1925 | sparsity=0.1088 | d_m=2.2312e+03
step  236 | acc=0.9170 | NZ=  1924 | sparsity=0.1093 | d_m=2.2052e+03
step  237 | acc=0.9170 | NZ=  1923 | sparsity=0.1097 | d_m=2.1806e+03
step  238 | acc=0.9170 | NZ=  1922 | sparsity=0.1102 | d_m=2.2192e+03
step  239 | acc=0.9170 | NZ=  1921 | sparsity=0.1106 | d_m=2.2380e+03
step  240 | acc=0.9170 | NZ=  1920 | sparsity=0.1111 | d_m=2.2006e+03
step  241 | acc=0.9170 | NZ=  1919 | sparsity=0.1116 | d_m=2.1708e+03
step  242 | acc=0.9170 | NZ=  1918 | sparsity=0.1120 | d_m=2.2079e+03
step  243 | acc=0.9170 | NZ=  1917 | sparsity=0.1125 | d_m=2.1910e+03
step  244 | acc=0.9170 | NZ=  1916 | sparsity=0.1130 | d_m=3.1040e+03
step  245 | acc=0.9180 | NZ=  1915 | sparsity=0.1134 | d_m=2.8681e+03
step  246 | acc=0.9180 | NZ=  1914 | sparsity=0.1139 | d_m=2.6953e+03
step  247 | acc=0.9180 | NZ=  1913 | sparsity=0.1144 | d_m=2.5845e+03
step  248 | acc=0.9180 | NZ=  1912 | sparsity=0.1148 | d_m=2.5429e+03
step  249 | acc=0.9180 | NZ=  1911 | sparsity=0.1153 | d_m=2.4771e+03
step  250 | acc=0.9170 | NZ=  1910 | sparsity=0.1157 | d_m=2.7064e+03
step  251 | acc=0.9180 | NZ=  1909 | sparsity=0.1162 | d_m=2.6413e+03
step  252 | acc=0.9180 | NZ=  1908 | sparsity=0.1167 | d_m=2.5964e+03
step  253 | acc=0.9180 | NZ=  1907 | sparsity=0.1171 | d_m=2.5391e+03
step  254 | acc=0.9170 | NZ=  1906 | sparsity=0.1176 | d_m=2.4992e+03
step  255 | acc=0.9170 | NZ=  1905 | sparsity=0.1181 | d_m=2.4573e+03
step  256 | acc=0.9170 | NZ=  1904 | sparsity=0.1185 | d_m=2.6510e+03
step  257 | acc=0.9170 | NZ=  1903 | sparsity=0.1190 | d_m=2.5613e+03
step  258 | acc=0.9180 | NZ=  1902 | sparsity=0.1194 | d_m=2.5420e+03
step  259 | acc=0.9180 | NZ=  1901 | sparsity=0.1199 | d_m=2.4859e+03
step  260 | acc=0.9180 | NZ=  1900 | sparsity=0.1204 | d_m=2.9717e+03
step  261 | acc=0.9180 | NZ=  1899 | sparsity=0.1208 | d_m=2.8608e+03
step  262 | acc=0.9170 | NZ=  1898 | sparsity=0.1213 | d_m=4.4164e+03
step  263 | acc=0.9180 | NZ=  1897 | sparsity=0.1218 | d_m=3.9077e+03
step  264 | acc=0.9170 | NZ=  1896 | sparsity=0.1222 | d_m=3.6084e+03
step  265 | acc=0.9170 | NZ=  1895 | sparsity=0.1227 | d_m=3.4493e+03
step  266 | acc=0.9160 | NZ=  1894 | sparsity=0.1231 | d_m=3.3066e+03
step  267 | acc=0.9150 | NZ=  1893 | sparsity=0.1236 | d_m=3.3202e+03
step  268 | acc=0.9160 | NZ=  1892 | sparsity=0.1241 | d_m=3.2055e+03
step  269 | acc=0.9160 | NZ=  1891 | sparsity=0.1245 | d_m=3.1139e+03
step  270 | acc=0.9160 | NZ=  1890 | sparsity=0.1250 | d_m=3.1284e+03
step  271 | acc=0.9160 | NZ=  1889 | sparsity=0.1255 | d_m=3.2302e+03
step  272 | acc=0.9160 | NZ=  1888 | sparsity=0.1259 | d_m=3.1493e+03
step  273 | acc=0.9160 | NZ=  1887 | sparsity=0.1264 | d_m=3.1518e+03
step  274 | acc=0.9160 | NZ=  1886 | sparsity=0.1269 | d_m=3.0861e+03
step  275 | acc=0.9160 | NZ=  1885 | sparsity=0.1273 | d_m=3.0273e+03
step  276 | acc=0.9160 | NZ=  1884 | sparsity=0.1278 | d_m=2.9844e+03
step  277 | acc=0.9160 | NZ=  1883 | sparsity=0.1282 | d_m=2.9500e+03
step  278 | acc=0.9170 | NZ=  1882 | sparsity=0.1287 | d_m=3.1647e+03
step  279 | acc=0.9170 | NZ=  1881 | sparsity=0.1292 | d_m=3.0662e+03
step  280 | acc=0.9150 | NZ=  1880 | sparsity=0.1296 | d_m=4.2735e+03
step  281 | acc=0.9150 | NZ=  1879 | sparsity=0.1301 | d_m=3.8846e+03
step  282 | acc=0.9170 | NZ=  1878 | sparsity=0.1306 | d_m=3.7061e+03
step  283 | acc=0.9160 | NZ=  1877 | sparsity=0.1310 | d_m=4.0687e+03
step  284 | acc=0.9180 | NZ=  1876 | sparsity=0.1315 | d_m=5.6964e+03
step  285 | acc=0.9180 | NZ=  1875 | sparsity=0.1319 | d_m=5.0983e+03
step  286 | acc=0.9180 | NZ=  1874 | sparsity=0.1324 | d_m=5.3236e+03
step  287 | acc=0.9180 | NZ=  1873 | sparsity=0.1329 | d_m=4.9260e+03
step  288 | acc=0.9180 | NZ=  1872 | sparsity=0.1333 | d_m=4.6524e+03
step  289 | acc=0.9160 | NZ=  1871 | sparsity=0.1338 | d_m=4.6670e+03
step  290 | acc=0.9170 | NZ=  1870 | sparsity=0.1343 | d_m=4.8404e+03
step  291 | acc=0.9170 | NZ=  1869 | sparsity=0.1347 | d_m=1.0756e+04
step  292 | acc=0.9170 | NZ=  1868 | sparsity=0.1352 | d_m=9.2042e+03
step  293 | acc=0.9180 | NZ=  1867 | sparsity=0.1356 | d_m=8.1080e+03
step  294 | acc=0.9180 | NZ=  1866 | sparsity=0.1361 | d_m=7.3254e+03
step  295 | acc=0.9180 | NZ=  1865 | sparsity=0.1366 | d_m=6.7554e+03
step  296 | acc=0.9170 | NZ=  1864 | sparsity=0.1370 | d_m=6.3342e+03
step  297 | acc=0.9180 | NZ=  1863 | sparsity=0.1375 | d_m=6.0160e+03
step  298 | acc=0.9190 | NZ=  1862 | sparsity=0.1380 | d_m=5.7772e+03
step  299 | acc=0.9190 | NZ=  1861 | sparsity=0.1384 | d_m=5.6299e+03
step  300 | acc=0.9180 | NZ=  1860 | sparsity=0.1389 | d_m=5.8251e+03
step  301 | acc=0.9180 | NZ=  1859 | sparsity=0.1394 | d_m=5.6097e+03
step  302 | acc=0.9190 | NZ=  1858 | sparsity=0.1398 | d_m=5.4634e+03
step  303 | acc=0.9190 | NZ=  1857 | sparsity=0.1403 | d_m=5.3587e+03
step  304 | acc=0.9190 | NZ=  1856 | sparsity=0.1407 | d_m=5.4514e+03
step  305 | acc=0.9160 | NZ=  1855 | sparsity=0.1412 | d_m=5.8755e+03
step  306 | acc=0.9150 | NZ=  1854 | sparsity=0.1417 | d_m=5.6447e+03
step  307 | acc=0.9170 | NZ=  1853 | sparsity=0.1421 | d_m=5.5092e+03
step  308 | acc=0.9170 | NZ=  1852 | sparsity=0.1426 | d_m=5.4177e+03
step  309 | acc=0.9170 | NZ=  1851 | sparsity=0.1431 | d_m=5.3508e+03
step  310 | acc=0.9170 | NZ=  1850 | sparsity=0.1435 | d_m=5.3248e+03
step  311 | acc=0.9170 | NZ=  1849 | sparsity=0.1440 | d_m=5.3651e+03
step  312 | acc=0.9170 | NZ=  1848 | sparsity=0.1444 | d_m=5.3117e+03
step  313 | acc=0.9170 | NZ=  1847 | sparsity=0.1449 | d_m=5.2719e+03
step  314 | acc=0.9170 | NZ=  1846 | sparsity=0.1454 | d_m=5.6567e+03
step  315 | acc=0.9170 | NZ=  1845 | sparsity=0.1458 | d_m=5.5116e+03
step  316 | acc=0.9160 | NZ=  1844 | sparsity=0.1463 | d_m=5.6029e+03
step  317 | acc=0.9160 | NZ=  1843 | sparsity=0.1468 | d_m=5.5369e+03
step  318 | acc=0.9150 | NZ=  1842 | sparsity=0.1472 | d_m=6.0206e+03
step  319 | acc=0.9160 | NZ=  1841 | sparsity=0.1477 | d_m=5.8508e+03
step  320 | acc=0.9160 | NZ=  1840 | sparsity=0.1481 | d_m=5.7363e+03
step  321 | acc=0.9150 | NZ=  1839 | sparsity=0.1486 | d_m=5.8822e+03
step  322 | acc=0.9140 | NZ=  1838 | sparsity=0.1491 | d_m=6.1807e+03
step  323 | acc=0.9140 | NZ=  1837 | sparsity=0.1495 | d_m=7.2488e+03
step  324 | acc=0.9140 | NZ=  1836 | sparsity=0.1500 | d_m=6.7417e+03
step  325 | acc=0.9150 | NZ=  1835 | sparsity=0.1505 | d_m=6.4497e+03
step  326 | acc=0.9150 | NZ=  1834 | sparsity=0.1509 | d_m=6.2636e+03
step  327 | acc=0.9130 | NZ=  1833 | sparsity=0.1514 | d_m=6.1614e+03
step  328 | acc=0.9140 | NZ=  1832 | sparsity=0.1519 | d_m=6.1670e+03
step  329 | acc=0.9120 | NZ=  1831 | sparsity=0.1523 | d_m=6.0648e+03
step  330 | acc=0.9120 | NZ=  1830 | sparsity=0.1528 | d_m=6.0173e+03
step  331 | acc=0.9120 | NZ=  1829 | sparsity=0.1532 | d_m=5.9510e+03
step  332 | acc=0.9120 | NZ=  1828 | sparsity=0.1537 | d_m=6.2266e+03
step  333 | acc=0.9140 | NZ=  1827 | sparsity=0.1542 | d_m=6.4379e+03
step  334 | acc=0.9150 | NZ=  1826 | sparsity=0.1546 | d_m=6.2535e+03
step  335 | acc=0.9140 | NZ=  1825 | sparsity=0.1551 | d_m=6.1387e+03
step  336 | acc=0.9140 | NZ=  1824 | sparsity=0.1556 | d_m=6.0585e+03
step  337 | acc=0.9140 | NZ=  1823 | sparsity=0.1560 | d_m=5.9981e+03
step  338 | acc=0.9140 | NZ=  1822 | sparsity=0.1565 | d_m=6.0464e+03
step  339 | acc=0.9140 | NZ=  1821 | sparsity=0.1569 | d_m=6.0234e+03
step  340 | acc=0.9140 | NZ=  1820 | sparsity=0.1574 | d_m=5.9865e+03
step  341 | acc=0.9140 | NZ=  1819 | sparsity=0.1579 | d_m=5.9377e+03
step  342 | acc=0.9140 | NZ=  1818 | sparsity=0.1583 | d_m=5.8975e+03
step  343 | acc=0.9140 | NZ=  1817 | sparsity=0.1588 | d_m=5.8624e+03
step  344 | acc=0.9130 | NZ=  1816 | sparsity=0.1593 | d_m=6.0104e+03
step  345 | acc=0.9140 | NZ=  1815 | sparsity=0.1597 | d_m=6.0504e+03
step  346 | acc=0.9130 | NZ=  1814 | sparsity=0.1602 | d_m=8.2604e+03
step  347 | acc=0.9140 | NZ=  1813 | sparsity=0.1606 | d_m=7.8170e+03
step  348 | acc=0.9140 | NZ=  1812 | sparsity=0.1611 | d_m=7.5909e+03
step  349 | acc=0.9170 | NZ=  1811 | sparsity=0.1616 | d_m=7.7034e+03
step  350 | acc=0.9170 | NZ=  1810 | sparsity=0.1620 | d_m=7.8327e+03
step  351 | acc=0.9170 | NZ=  1809 | sparsity=0.1625 | d_m=7.5249e+03
step  352 | acc=0.9180 | NZ=  1808 | sparsity=0.1630 | d_m=7.2664e+03
step  353 | acc=0.9180 | NZ=  1807 | sparsity=0.1634 | d_m=7.0571e+03
step  354 | acc=0.9190 | NZ=  1806 | sparsity=0.1639 | d_m=6.8930e+03
step  355 | acc=0.9190 | NZ=  1805 | sparsity=0.1644 | d_m=6.7547e+03
step  356 | acc=0.9190 | NZ=  1804 | sparsity=0.1648 | d_m=6.6578e+03
step  357 | acc=0.9190 | NZ=  1803 | sparsity=0.1653 | d_m=6.5559e+03
step  358 | acc=0.9180 | NZ=  1802 | sparsity=0.1657 | d_m=6.4698e+03
step  359 | acc=0.9180 | NZ=  1801 | sparsity=0.1662 | d_m=6.4396e+03
step  360 | acc=0.9180 | NZ=  1800 | sparsity=0.1667 | d_m=6.7907e+03
step  361 | acc=0.9190 | NZ=  1799 | sparsity=0.1671 | d_m=6.6235e+03
step  362 | acc=0.9190 | NZ=  1798 | sparsity=0.1676 | d_m=6.4988e+03
step  363 | acc=0.9160 | NZ=  1797 | sparsity=0.1681 | d_m=6.7645e+03
step  364 | acc=0.9160 | NZ=  1796 | sparsity=0.1685 | d_m=6.7457e+03
step  365 | acc=0.9150 | NZ=  1795 | sparsity=0.1690 | d_m=6.5730e+03
step  366 | acc=0.9160 | NZ=  1794 | sparsity=0.1694 | d_m=6.5010e+03
step  367 | acc=0.9170 | NZ=  1793 | sparsity=0.1699 | d_m=6.4120e+03
step  368 | acc=0.9170 | NZ=  1792 | sparsity=0.1704 | d_m=6.3454e+03
step  369 | acc=0.9170 | NZ=  1791 | sparsity=0.1708 | d_m=6.2998e+03
step  370 | acc=0.9160 | NZ=  1790 | sparsity=0.1713 | d_m=6.6041e+03
step  371 | acc=0.9170 | NZ=  1789 | sparsity=0.1718 | d_m=6.4980e+03
step  372 | acc=0.9170 | NZ=  1788 | sparsity=0.1722 | d_m=6.7735e+03
step  373 | acc=0.9170 | NZ=  1787 | sparsity=0.1727 | d_m=6.6469e+03
step  374 | acc=0.9160 | NZ=  1786 | sparsity=0.1731 | d_m=6.9118e+03
step  375 | acc=0.9170 | NZ=  1785 | sparsity=0.1736 | d_m=6.7318e+03
step  376 | acc=0.9150 | NZ=  1784 | sparsity=0.1741 | d_m=6.6720e+03
step  377 | acc=0.9150 | NZ=  1783 | sparsity=0.1745 | d_m=6.6031e+03
step  378 | acc=0.9140 | NZ=  1782 | sparsity=0.1750 | d_m=6.9183e+03
step  379 | acc=0.9150 | NZ=  1781 | sparsity=0.1755 | d_m=6.8271e+03
step  380 | acc=0.9150 | NZ=  1780 | sparsity=0.1759 | d_m=6.6818e+03
step  381 | acc=0.9150 | NZ=  1779 | sparsity=0.1764 | d_m=6.6070e+03
step  382 | acc=0.9160 | NZ=  1778 | sparsity=0.1769 | d_m=6.5739e+03
step  383 | acc=0.9160 | NZ=  1777 | sparsity=0.1773 | d_m=6.4962e+03
step  384 | acc=0.9160 | NZ=  1776 | sparsity=0.1778 | d_m=6.4370e+03
step  385 | acc=0.9170 | NZ=  1775 | sparsity=0.1782 | d_m=6.8948e+03
step  386 | acc=0.9180 | NZ=  1774 | sparsity=0.1787 | d_m=6.7756e+03
step  387 | acc=0.9170 | NZ=  1773 | sparsity=0.1792 | d_m=8.1130e+03
step  388 | acc=0.9180 | NZ=  1772 | sparsity=0.1796 | d_m=7.5845e+03
step  389 | acc=0.9170 | NZ=  1771 | sparsity=0.1801 | d_m=7.5121e+03
step  390 | acc=0.9170 | NZ=  1770 | sparsity=0.1806 | d_m=7.2766e+03
step  391 | acc=0.9160 | NZ=  1769 | sparsity=0.1810 | d_m=7.1299e+03
step  392 | acc=0.9160 | NZ=  1768 | sparsity=0.1815 | d_m=7.0118e+03
step  393 | acc=0.9160 | NZ=  1767 | sparsity=0.1819 | d_m=6.9190e+03
step  394 | acc=0.9160 | NZ=  1766 | sparsity=0.1824 | d_m=6.8525e+03
step  395 | acc=0.9140 | NZ=  1765 | sparsity=0.1829 | d_m=7.3280e+03
step  396 | acc=0.9150 | NZ=  1764 | sparsity=0.1833 | d_m=7.1155e+03
step  397 | acc=0.9150 | NZ=  1763 | sparsity=0.1838 | d_m=7.4183e+03
step  398 | acc=0.9150 | NZ=  1762 | sparsity=0.1843 | d_m=7.2642e+03
step  399 | acc=0.9140 | NZ=  1761 | sparsity=0.1847 | d_m=7.1790e+03
step  400 | acc=0.9140 | NZ=  1760 | sparsity=0.1852 | d_m=7.2295e+03
step  401 | acc=0.9140 | NZ=  1759 | sparsity=0.1856 | d_m=7.1363e+03
step  402 | acc=0.9140 | NZ=  1758 | sparsity=0.1861 | d_m=7.0682e+03
step  403 | acc=0.9120 | NZ=  1757 | sparsity=0.1866 | d_m=7.0402e+03
step  404 | acc=0.9120 | NZ=  1756 | sparsity=0.1870 | d_m=7.0096e+03
step  405 | acc=0.9130 | NZ=  1755 | sparsity=0.1875 | d_m=7.0167e+03
step  406 | acc=0.9130 | NZ=  1754 | sparsity=0.1880 | d_m=7.0107e+03
step  407 | acc=0.9130 | NZ=  1753 | sparsity=0.1884 | d_m=6.9836e+03
step  408 | acc=0.9130 | NZ=  1752 | sparsity=0.1889 | d_m=7.1068e+03
step  409 | acc=0.9130 | NZ=  1751 | sparsity=0.1894 | d_m=7.0740e+03
step  410 | acc=0.9130 | NZ=  1750 | sparsity=0.1898 | d_m=7.1327e+03
step  411 | acc=0.9110 | NZ=  1749 | sparsity=0.1903 | d_m=8.3540e+03
step  412 | acc=0.9100 | NZ=  1748 | sparsity=0.1907 | d_m=7.8881e+03
step  413 | acc=0.9090 | NZ=  1747 | sparsity=0.1912 | d_m=7.5969e+03
step  414 | acc=0.9110 | NZ=  1746 | sparsity=0.1917 | d_m=8.9219e+03
step  415 | acc=0.9100 | NZ=  1745 | sparsity=0.1921 | d_m=8.3804e+03
step  416 | acc=0.9100 | NZ=  1744 | sparsity=0.1926 | d_m=8.0773e+03
step  417 | acc=0.9100 | NZ=  1743 | sparsity=0.1931 | d_m=7.8579e+03
step  418 | acc=0.9100 | NZ=  1742 | sparsity=0.1935 | d_m=7.7110e+03
step  419 | acc=0.9110 | NZ=  1741 | sparsity=0.1940 | d_m=8.3190e+03
step  420 | acc=0.9120 | NZ=  1740 | sparsity=0.1944 | d_m=8.0742e+03
step  421 | acc=0.9130 | NZ=  1739 | sparsity=0.1949 | d_m=7.8802e+03
step  422 | acc=0.9140 | NZ=  1738 | sparsity=0.1954 | d_m=7.8064e+03
step  423 | acc=0.9140 | NZ=  1737 | sparsity=0.1958 | d_m=7.7045e+03
step  424 | acc=0.9140 | NZ=  1736 | sparsity=0.1963 | d_m=7.6234e+03
step  425 | acc=0.9140 | NZ=  1735 | sparsity=0.1968 | d_m=7.5557e+03
step  426 | acc=0.9140 | NZ=  1734 | sparsity=0.1972 | d_m=7.5312e+03
step  427 | acc=0.9140 | NZ=  1733 | sparsity=0.1977 | d_m=7.5347e+03
step  428 | acc=0.9120 | NZ=  1732 | sparsity=0.1981 | d_m=8.6722e+03
step  429 | acc=0.9120 | NZ=  1731 | sparsity=0.1986 | d_m=8.2710e+03
step  430 | acc=0.9140 | NZ=  1730 | sparsity=0.1991 | d_m=8.0486e+03
step  431 | acc=0.9130 | NZ=  1729 | sparsity=0.1995 | d_m=7.9388e+03
step  432 | acc=0.9140 | NZ=  1728 | sparsity=0.2000 | d_m=7.9945e+03
step  433 | acc=0.9140 | NZ=  1727 | sparsity=0.2005 | d_m=7.8647e+03
step  434 | acc=0.9120 | NZ=  1726 | sparsity=0.2009 | d_m=9.8975e+03
step  435 | acc=0.9110 | NZ=  1725 | sparsity=0.2014 | d_m=9.5202e+03
step  436 | acc=0.9100 | NZ=  1724 | sparsity=0.2019 | d_m=9.4531e+03
step  437 | acc=0.9090 | NZ=  1723 | sparsity=0.2023 | d_m=9.1335e+03
step  438 | acc=0.9110 | NZ=  1722 | sparsity=0.2028 | d_m=8.9004e+03
step  439 | acc=0.9110 | NZ=  1721 | sparsity=0.2032 | d_m=8.6997e+03
step  440 | acc=0.9100 | NZ=  1720 | sparsity=0.2037 | d_m=8.5970e+03
step  441 | acc=0.9100 | NZ=  1719 | sparsity=0.2042 | d_m=8.4439e+03
step  442 | acc=0.9100 | NZ=  1718 | sparsity=0.2046 | d_m=9.0364e+03
step  443 | acc=0.9100 | NZ=  1717 | sparsity=0.2051 | d_m=8.7300e+03
step  444 | acc=0.9090 | NZ=  1716 | sparsity=0.2056 | d_m=8.5233e+03
step  445 | acc=0.9120 | NZ=  1715 | sparsity=0.2060 | d_m=1.0987e+04
step  446 | acc=0.9120 | NZ=  1714 | sparsity=0.2065 | d_m=1.0334e+04
step  447 | acc=0.9120 | NZ=  1713 | sparsity=0.2069 | d_m=9.9230e+03
step  448 | acc=0.9120 | NZ=  1712 | sparsity=0.2074 | d_m=9.6155e+03
step  449 | acc=0.9120 | NZ=  1711 | sparsity=0.2079 | d_m=9.3909e+03
step  450 | acc=0.9120 | NZ=  1710 | sparsity=0.2083 | d_m=9.2369e+03
step  451 | acc=0.9120 | NZ=  1709 | sparsity=0.2088 | d_m=9.1073e+03
step  452 | acc=0.9120 | NZ=  1708 | sparsity=0.2093 | d_m=9.1726e+03
step  453 | acc=0.9120 | NZ=  1707 | sparsity=0.2097 | d_m=1.1487e+04
step  454 | acc=0.9120 | NZ=  1706 | sparsity=0.2102 | d_m=1.0657e+04
step  455 | acc=0.9130 | NZ=  1705 | sparsity=0.2106 | d_m=1.0135e+04
step  456 | acc=0.9120 | NZ=  1704 | sparsity=0.2111 | d_m=9.8683e+03
step  457 | acc=0.9120 | NZ=  1703 | sparsity=0.2116 | d_m=9.6253e+03
step  458 | acc=0.9120 | NZ=  1702 | sparsity=0.2120 | d_m=9.4452e+03
step  459 | acc=0.9140 | NZ=  1701 | sparsity=0.2125 | d_m=9.5525e+03
step  460 | acc=0.9160 | NZ=  1700 | sparsity=0.2130 | d_m=9.4417e+03
step  461 | acc=0.9140 | NZ=  1699 | sparsity=0.2134 | d_m=9.3721e+03
step  462 | acc=0.9170 | NZ=  1698 | sparsity=0.2139 | d_m=9.7344e+03
step  463 | acc=0.9170 | NZ=  1697 | sparsity=0.2144 | d_m=9.4422e+03
step  464 | acc=0.9170 | NZ=  1696 | sparsity=0.2148 | d_m=9.2570e+03
step  465 | acc=0.9170 | NZ=  1695 | sparsity=0.2153 | d_m=9.2441e+03
step  466 | acc=0.9160 | NZ=  1694 | sparsity=0.2157 | d_m=9.3058e+03
step  467 | acc=0.9160 | NZ=  1693 | sparsity=0.2162 | d_m=9.1499e+03
step  468 | acc=0.9160 | NZ=  1692 | sparsity=0.2167 | d_m=9.0463e+03
step  469 | acc=0.9160 | NZ=  1691 | sparsity=0.2171 | d_m=8.9660e+03
step  470 | acc=0.9170 | NZ=  1690 | sparsity=0.2176 | d_m=8.8934e+03
step  471 | acc=0.9170 | NZ=  1689 | sparsity=0.2181 | d_m=8.8897e+03
step  472 | acc=0.9170 | NZ=  1688 | sparsity=0.2185 | d_m=8.9739e+03
step  473 | acc=0.9170 | NZ=  1687 | sparsity=0.2190 | d_m=8.8778e+03
step  474 | acc=0.9150 | NZ=  1686 | sparsity=0.2194 | d_m=9.6231e+03
step  475 | acc=0.9170 | NZ=  1685 | sparsity=0.2199 | d_m=9.5793e+03
step  476 | acc=0.9160 | NZ=  1684 | sparsity=0.2204 | d_m=1.3033e+04
step  477 | acc=0.9150 | NZ=  1683 | sparsity=0.2208 | d_m=1.2803e+04
step  478 | acc=0.9140 | NZ=  1682 | sparsity=0.2213 | d_m=1.2046e+04
step  479 | acc=0.9140 | NZ=  1681 | sparsity=0.2218 | d_m=1.1508e+04
step  480 | acc=0.9150 | NZ=  1680 | sparsity=0.2222 | d_m=1.1108e+04
step  481 | acc=0.9150 | NZ=  1679 | sparsity=0.2227 | d_m=1.0829e+04
step  482 | acc=0.9150 | NZ=  1678 | sparsity=0.2231 | d_m=1.0585e+04
step  483 | acc=0.9150 | NZ=  1677 | sparsity=0.2236 | d_m=1.0375e+04
step  484 | acc=0.9150 | NZ=  1676 | sparsity=0.2241 | d_m=1.0194e+04
step  485 | acc=0.9160 | NZ=  1675 | sparsity=0.2245 | d_m=1.0324e+04
step  486 | acc=0.9130 | NZ=  1674 | sparsity=0.2250 | d_m=1.0376e+04
step  487 | acc=0.9130 | NZ=  1673 | sparsity=0.2255 | d_m=1.0147e+04
step  488 | acc=0.9150 | NZ=  1672 | sparsity=0.2259 | d_m=1.0184e+04
step  489 | acc=0.9150 | NZ=  1671 | sparsity=0.2264 | d_m=1.0015e+04
step  490 | acc=0.9150 | NZ=  1670 | sparsity=0.2269 | d_m=9.8781e+03
step  491 | acc=0.9150 | NZ=  1669 | sparsity=0.2273 | d_m=9.8418e+03
step  492 | acc=0.9140 | NZ=  1668 | sparsity=0.2278 | d_m=1.0152e+04
step  493 | acc=0.9140 | NZ=  1667 | sparsity=0.2282 | d_m=1.0018e+04
step  494 | acc=0.9160 | NZ=  1666 | sparsity=0.2287 | d_m=9.8903e+03
step  495 | acc=0.9150 | NZ=  1665 | sparsity=0.2292 | d_m=9.7690e+03
step  496 | acc=0.9150 | NZ=  1664 | sparsity=0.2296 | d_m=9.7738e+03
step  497 | acc=0.9160 | NZ=  1663 | sparsity=0.2301 | d_m=1.0074e+04
step  498 | acc=0.9160 | NZ=  1662 | sparsity=0.2306 | d_m=9.9215e+03
step  499 | acc=0.9160 | NZ=  1661 | sparsity=0.2310 | d_m=9.8354e+03
Kwon sparsification log saved to: /home/simon/repos/onnxmlir-pim-sparsify/artifacts/e12_kwon/kwon_sparsified/kwon_sparsification_log.csv
